Archive member included to satisfy reference by file (symbol)

/usr/local/mcuxpressoide-11.2.1_4149/ide/plugins/com.nxp.mcuxpresso.tools.linux_11.2.0.202001021529/tools/bin/../lib/gcc/arm-none-eabi/9.2.1/../../../../arm-none-eabi/lib/thumb/v6-m/nofp/libcr_semihost_nf.a(_cr__main.o)
                              ./startup/startup_lpc845.o (__main)
/usr/local/mcuxpressoide-11.2.1_4149/ide/plugins/com.nxp.mcuxpresso.tools.linux_11.2.0.202001021529/tools/bin/../lib/gcc/arm-none-eabi/9.2.1/../../../../arm-none-eabi/lib/thumb/v6-m/nofp/libcr_semihost_nf.a(_cr_assert.o)
                              ./drivers/fsl_clock.o (__assertion_failed)
/usr/local/mcuxpressoide-11.2.1_4149/ide/plugins/com.nxp.mcuxpresso.tools.linux_11.2.0.202001021529/tools/bin/../lib/gcc/arm-none-eabi/9.2.1/../../../../arm-none-eabi/lib/thumb/v6-m/nofp/libcr_semihost_nf.a(__ciob.o)
                              /usr/local/mcuxpressoide-11.2.1_4149/ide/plugins/com.nxp.mcuxpresso.tools.linux_11.2.0.202001021529/tools/bin/../lib/gcc/arm-none-eabi/9.2.1/../../../../arm-none-eabi/lib/thumb/v6-m/nofp/libcr_semihost_nf.a(_cr_assert.o) (__Ciob)
/usr/local/mcuxpressoide-11.2.1_4149/ide/plugins/com.nxp.mcuxpresso.tools.linux_11.2.0.202001021529/tools/bin/../lib/gcc/arm-none-eabi/9.2.1/../../../../arm-none-eabi/lib/thumb/v6-m/nofp/libcr_semihost_nf.a(__sys_appexit.o)
                              /usr/local/mcuxpressoide-11.2.1_4149/ide/plugins/com.nxp.mcuxpresso.tools.linux_11.2.0.202001021529/tools/bin/../lib/gcc/arm-none-eabi/9.2.1/../../../../arm-none-eabi/lib/thumb/v6-m/nofp/libcr_semihost_nf.a(_cr_assert.o) (__sys_appexit)
/usr/local/mcuxpressoide-11.2.1_4149/ide/plugins/com.nxp.mcuxpresso.tools.linux_11.2.0.202001021529/tools/bin/../lib/gcc/arm-none-eabi/9.2.1/../../../../arm-none-eabi/lib/thumb/v6-m/nofp/libcr_c.a(memset.o)
                              ./drivers/fsl_ctimer.o (memset)
/usr/local/mcuxpressoide-11.2.1_4149/ide/plugins/com.nxp.mcuxpresso.tools.linux_11.2.0.202001021529/tools/bin/../lib/gcc/arm-none-eabi/9.2.1/../../../../arm-none-eabi/lib/thumb/v6-m/nofp/libcr_c.a(_deferredlazyseek.o)
                              /usr/local/mcuxpressoide-11.2.1_4149/ide/plugins/com.nxp.mcuxpresso.tools.linux_11.2.0.202001021529/tools/bin/../lib/gcc/arm-none-eabi/9.2.1/../../../../arm-none-eabi/lib/thumb/v6-m/nofp/libcr_semihost_nf.a(_cr_assert.o) (__flsbuf)
/usr/local/mcuxpressoide-11.2.1_4149/ide/plugins/com.nxp.mcuxpresso.tools.linux_11.2.0.202001021529/tools/bin/../lib/gcc/arm-none-eabi/9.2.1/../../../../arm-none-eabi/lib/thumb/v6-m/nofp/libcr_c.a(_fflush.o)
                              /usr/local/mcuxpressoide-11.2.1_4149/ide/plugins/com.nxp.mcuxpresso.tools.linux_11.2.0.202001021529/tools/bin/../lib/gcc/arm-none-eabi/9.2.1/../../../../arm-none-eabi/lib/thumb/v6-m/nofp/libcr_c.a(_deferredlazyseek.o) (_fflush)
/usr/local/mcuxpressoide-11.2.1_4149/ide/plugins/com.nxp.mcuxpresso.tools.linux_11.2.0.202001021529/tools/bin/../lib/gcc/arm-none-eabi/9.2.1/../../../../arm-none-eabi/lib/thumb/v6-m/nofp/libcr_c.a(_writebuf.o)
                              /usr/local/mcuxpressoide-11.2.1_4149/ide/plugins/com.nxp.mcuxpresso.tools.linux_11.2.0.202001021529/tools/bin/../lib/gcc/arm-none-eabi/9.2.1/../../../../arm-none-eabi/lib/thumb/v6-m/nofp/libcr_c.a(_deferredlazyseek.o) (_Cwritebuf)
/usr/local/mcuxpressoide-11.2.1_4149/ide/plugins/com.nxp.mcuxpresso.tools.linux_11.2.0.202001021529/tools/bin/../lib/gcc/arm-none-eabi/9.2.1/../../../../arm-none-eabi/lib/thumb/v6-m/nofp/libcr_c.a(alloc.o)
                              ./drivers/fsl_common.o (malloc)
/usr/local/mcuxpressoide-11.2.1_4149/ide/plugins/com.nxp.mcuxpresso.tools.linux_11.2.0.202001021529/tools/bin/../lib/gcc/arm-none-eabi/9.2.1/../../../../arm-none-eabi/lib/thumb/v6-m/nofp/libcr_c.a(fputs.o)
                              /usr/local/mcuxpressoide-11.2.1_4149/ide/plugins/com.nxp.mcuxpresso.tools.linux_11.2.0.202001021529/tools/bin/../lib/gcc/arm-none-eabi/9.2.1/../../../../arm-none-eabi/lib/thumb/v6-m/nofp/libcr_semihost_nf.a(_cr_assert.o) (fputs)
/usr/local/mcuxpressoide-11.2.1_4149/ide/plugins/com.nxp.mcuxpresso.tools.linux_11.2.0.202001021529/tools/bin/../lib/gcc/arm-none-eabi/9.2.1/../../../../arm-none-eabi/lib/thumb/v6-m/nofp/libcr_c.a(fseek.o)
                              /usr/local/mcuxpressoide-11.2.1_4149/ide/plugins/com.nxp.mcuxpresso.tools.linux_11.2.0.202001021529/tools/bin/../lib/gcc/arm-none-eabi/9.2.1/../../../../arm-none-eabi/lib/thumb/v6-m/nofp/libcr_c.a(_deferredlazyseek.o) (fseek)
/usr/local/mcuxpressoide-11.2.1_4149/ide/plugins/com.nxp.mcuxpresso.tools.linux_11.2.0.202001021529/tools/bin/../lib/gcc/arm-none-eabi/9.2.1/../../../../arm-none-eabi/lib/thumb/v6-m/nofp/libcr_c.a(ftell.o)
                              /usr/local/mcuxpressoide-11.2.1_4149/ide/plugins/com.nxp.mcuxpresso.tools.linux_11.2.0.202001021529/tools/bin/../lib/gcc/arm-none-eabi/9.2.1/../../../../arm-none-eabi/lib/thumb/v6-m/nofp/libcr_c.a(fseek.o) (ftell)
[...]
Memory Configuration

Name             Origin             Length             Attributes
PROGRAM_FLASH    0x0000000000000000 0x0000000000010000 xr
SRAM             0x0000000010000000 0x0000000000003fe0 xrw
IAP_SRAM         0x0000000010003fe0 0x0000000000000020 xrw
*default*        0x0000000000000000 0xffffffffffffffff

Linker script and memory map

LOAD ./utilities/fsl_debug_console.o
LOAD ./startup/startup_lpc845.o
LOAD ./source/LPC845_Project3.o
LOAD ./source/digital.o
LOAD ./source/mtb.o
LOAD ./source/semihost_hardfault.o
LOAD ./drivers/fsl_clock.o
LOAD ./drivers/fsl_common.o
LOAD ./drivers/fsl_ctimer.o
LOAD ./drivers/fsl_gpio.o
LOAD ./drivers/fsl_inputmux.o
LOAD ./drivers/fsl_pint.o
LOAD ./drivers/fsl_power.o
LOAD ./drivers/fsl_reset.o
LOAD ./drivers/fsl_spi.o
LOAD ./drivers/fsl_swm.o
LOAD ./drivers/fsl_syscon.o
LOAD ./drivers/fsl_usart.o
LOAD ./device/system_LPC845.o
LOAD ./component/uart/miniusart_adapter.o
LOAD ./component/timer_manager/timer_manager.o
LOAD ./component/timer/ctimer_adapter.o
LOAD ./component/lists/generic_list.o
LOAD ./component/led/led.o
LOAD ./component/gpio/lpc_gpio_adapter.o
LOAD ./component/button/button.o
LOAD ./board/board.o
LOAD ./board/clock_config.o
LOAD ./board/peripherals.o
LOAD ./board/pin_mux.o
START GROUP
LOAD /usr/local/mcuxpressoide-11.2.1_4149/ide/plugins/com.nxp.mcuxpresso.tools.linux_11.2.0.202001021529/tools/bin/../lib/gcc/arm-none-eabi/9.2.1/../../../../arm-none-eabi/lib/thumb/v6-m/nofp/libcr_semihost_nf.a
LOAD /usr/local/mcuxpressoide-11.2.1_4149/ide/plugins/com.nxp.mcuxpresso.tools.linux_11.2.0.202001021529/tools/bin/../lib/gcc/arm-none-eabi/9.2.1/../../../../arm-none-eabi/lib/thumb/v6-m/nofp/libcr_c.a
LOAD /usr/local/mcuxpressoide-11.2.1_4149/ide/plugins/com.nxp.mcuxpresso.tools.linux_11.2.0.202001021529/tools/bin/../lib/gcc/arm-none-eabi/9.2.1/thumb/v6-m/nofp/libcr_eabihelpers.a
LOAD /usr/local/mcuxpressoide-11.2.1_4149/ide/plugins/com.nxp.mcuxpresso.tools.linux_11.2.0.202001021529/tools/bin/../lib/gcc/arm-none-eabi/9.2.1/thumb/v6-m/nofp/libgcc.a
END GROUP
                0x0000000000000000                __base_PROGRAM_FLASH = 0x0
                0x0000000000000000                __base_Flash = 0x0
                0x0000000000010000                __top_PROGRAM_FLASH = 0x10000
                0x0000000000010000                __top_Flash = 0x10000
                0x0000000010000000                __base_SRAM = 0x10000000
                0x0000000010000000                __base_RAM = 0x10000000
                0x0000000010003fe0                __top_SRAM = 0x10003fe0
                0x0000000010003fe0                __top_RAM = 0x10003fe0
                0x0000000010003fe0                __base_IAP_SRAM = 0x10003fe0
                0x0000000010003fe0                __base_RAM2 = 0x10003fe0
                0x0000000010004000                __top_IAP_SRAM = 0x10004000
                0x0000000010004000                __top_RAM2 = 0x10004000

.text           0x0000000000000000     0x2dc4
 FILL mask 0xff
                0x0000000000000000                __vectors_start__ = ABSOLUTE (.)
 *(SORT_BY_ALIGNMENT(.isr_vector))
 .isr_vector    0x0000000000000000       0xc0 ./startup/startup_lpc845.o
                0x0000000000000000                __Vectors
                0x0000000000000000                g_pfnVectors
                0x00000000000000c0                . = ALIGN (0x4)
                0x00000000000000c0                __section_table_start = .
                0x00000000000000c0                __data_section_table = .
                0x00000000000000c0        0x4 LONG 0x2dc4 LOADADDR (.data)
                0x00000000000000c4        0x4 LONG 0x10000080 ADDR (.data)
                0x00000000000000c8        0x4 LONG 0x4 SIZEOF (.data)
                0x00000000000000cc        0x4 LONG 0x2dc4 LOADADDR (.data_RAM2)
                0x00000000000000d0        0x4 LONG 0x10003fe0 ADDR (.data_RAM2)
                0x00000000000000d4        0x4 LONG 0x0 SIZEOF (.data_RAM2)
                0x00000000000000d8                __data_section_table_end = .
                0x00000000000000d8                __bss_section_table = .
                0x00000000000000d8        0x4 LONG 0x10000084 ADDR (.bss)
                0x00000000000000dc        0x4 LONG 0x114 SIZEOF (.bss)
                0x00000000000000e0        0x4 LONG 0x10003fe0 ADDR (.bss_RAM2)
                0x00000000000000e4        0x4 LONG 0x0 SIZEOF (.bss_RAM2)
                0x00000000000000e8                __bss_section_table_end = .
                0x00000000000000e8                __section_table_end = .
 *(SORT_BY_ALIGNMENT(.after_vectors*))
 .after_vectors.reset
                0x00000000000000e8       0x58 ./startup/startup_lpc845.o
                0x00000000000000e8                ResetISR
 .after_vectors.init_data
                0x0000000000000140       0x12 ./startup/startup_lpc845.o
                0x0000000000000140                data_init
 .after_vectors.init_bss
                0x0000000000000152       0x10 ./startup/startup_lpc845.o
                0x0000000000000152                bss_init
 .after_vectors
                0x0000000000000162      0x10c ./startup/startup_lpc845.o
                0x0000000000000162                NMI_Handler
                0x0000000000000166                SVC_Handler
                0x0000000000000168                PendSV_Handler
                0x000000000000016c                ADC0_OVR_DriverIRQHandler
                0x000000000000016c                DMA0_DriverIRQHandler
                0x000000000000016c                I2C3_DriverIRQHandler
                0x000000000000016c                PIN_INT5_DAC1_DriverIRQHandler
                0x000000000000016c                I2C2_DriverIRQHandler
                0x000000000000016c                IntDefaultHandler
                0x000000000000016c                WKT_DriverIRQHandler
                0x000000000000016c                DAC0_DriverIRQHandler
                0x000000000000016c                MRT0_DriverIRQHandler
                0x000000000000016c                CMP_CAPT_DriverIRQHandler
                0x000000000000016c                ADC0_THCMP_DriverIRQHandler
                0x000000000000016c                Reserved22_DriverIRQHandler
                0x000000000000016c                FLASH_DriverIRQHandler
                0x000000000000016c                ADC0_SEQB_DriverIRQHandler
                0x000000000000016c                WDT_DriverIRQHandler
                0x000000000000016c                BOD_DriverIRQHandler
                0x000000000000016c                I2C1_DriverIRQHandler
                0x000000000000016c                ADC0_SEQA_DriverIRQHandler
                0x000000000000016c                I2C0_DriverIRQHandler
                0x000000000000016c                SCT0_DriverIRQHandler
                0x000000000000016e                SPI0_IRQHandler
                0x0000000000000176                SPI1_IRQHandler
                0x000000000000017e                DAC0_IRQHandler
                0x0000000000000186                USART0_IRQHandler
                0x000000000000018e                USART1_IRQHandler
                0x0000000000000196                USART2_IRQHandler
                0x000000000000019e                Reserved22_IRQHandler
                0x00000000000001a6                I2C1_IRQHandler
                0x00000000000001ae                I2C0_IRQHandler
                0x00000000000001b6                SCT0_IRQHandler
                0x00000000000001be                MRT0_IRQHandler
                0x00000000000001c6                CMP_CAPT_IRQHandler
                0x00000000000001ce                WDT_IRQHandler
                0x00000000000001d6                BOD_IRQHandler
                0x00000000000001de                FLASH_IRQHandler
                0x00000000000001e6                WKT_IRQHandler
                0x00000000000001ee                ADC0_SEQA_IRQHandler
                0x00000000000001f6                ADC0_SEQB_IRQHandler
                0x00000000000001fe                ADC0_THCMP_IRQHandler
                0x0000000000000206                ADC0_OVR_IRQHandler
                0x000000000000020e                DMA0_IRQHandler
                0x0000000000000216                I2C2_IRQHandler
                0x000000000000021e                I2C3_IRQHandler
                0x0000000000000226                CTIMER0_IRQHandler
                0x000000000000022e                PIN_INT0_IRQHandler
                0x0000000000000236                PIN_INT1_IRQHandler
                0x000000000000023e                PIN_INT2_IRQHandler
                0x0000000000000246                PIN_INT3_IRQHandler
                0x000000000000024e                PIN_INT4_IRQHandler
                0x00000000000002fc                . = 0x2fc
 *fill*         0x000000000000026e       0x8e ff
                0x00000000000002fc                PROVIDE (__CRP_WORD_START__ = .)
 *(SORT_BY_ALIGNMENT(.crp))
 .crp           0x00000000000002fc        0x4 ./startup/startup_lpc845.o
                0x00000000000002fc                CRP_WORD
                0x0000000000000300                PROVIDE (__CRP_WORD_END__ = .)
                0x0000000000000001                ASSERT (! ((__CRP_WORD_START__ == __CRP_WORD_END__)), Linker CRP Enabled, but no CRP_WORD provided within application)
 *(SORT_BY_ALIGNMENT(.text*))
 .text.__NVIC_SetPriority
                0x0000000000000300       0xdc ./source/LPC845_Project3.o
 .text.SysTick_Config
                0x00000000000003dc       0x48 ./source/LPC845_Project3.o
 .text.SysTick_Handler
                0x0000000000000424       0x20 ./source/LPC845_Project3.o
                0x0000000000000424                SysTick_Handler
 .text.main     0x0000000000000444      0x10c ./source/LPC845_Project3.o
                0x0000000000000444                main
 .text.HardFault_Handler
                0x0000000000000550       0x30 ./source/semihost_hardfault.o
                0x0000000000000550                HardFault_Handler
 .text.CLOCK_UpdateClkSrc
                0x0000000000000580       0x4c ./drivers/fsl_clock.o
 .text.CLOCK_SetMainClkSrc
                0x00000000000005cc       0x9c ./drivers/fsl_clock.o
                0x00000000000005cc                CLOCK_SetMainClkSrc
 .text.CLOCK_SetFroOutClkSrc
                0x0000000000000668       0x48 ./drivers/fsl_clock.o
                0x0000000000000668                CLOCK_SetFroOutClkSrc
 .text.CTIMER_GenericIRQHandler
                0x00000000000006b0       0xb0 ./drivers/fsl_ctimer.o
                0x00000000000006b0                CTIMER_GenericIRQHandler
 .text.CLOCK_EnableClock
                0x0000000000000760       0x54 ./drivers/fsl_gpio.o
 .text.GPIO_PortInit
                0x00000000000007b4       0x48 ./drivers/fsl_gpio.o
                0x00000000000007b4                GPIO_PortInit
 .text.PIN_INT0_DriverIRQHandler
                0x00000000000007fc       0x4c ./drivers/fsl_pint.o
                0x00000000000007fc                PIN_INT0_DriverIRQHandler
 .text.PIN_INT1_DriverIRQHandler
                0x0000000000000848       0x4c ./drivers/fsl_pint.o
                0x0000000000000848                PIN_INT1_DriverIRQHandler
 .text.PIN_INT2_DriverIRQHandler
                0x0000000000000894       0x4c ./drivers/fsl_pint.o
                0x0000000000000894                PIN_INT2_DriverIRQHandler
 .text.PIN_INT3_DriverIRQHandler
                0x00000000000008e0       0x4c ./drivers/fsl_pint.o
                0x00000000000008e0                PIN_INT3_DriverIRQHandler
 .text.PIN_INT4_DriverIRQHandler
                0x000000000000092c       0x4c ./drivers/fsl_pint.o
                0x000000000000092c                PIN_INT4_DriverIRQHandler
 .text.PIN_INT5_DAC1_IRQHandler
                0x0000000000000978       0x4c ./drivers/fsl_pint.o
                0x0000000000000978                PIN_INT5_DAC1_IRQHandler
 .text.PIN_INT6_USART3_IRQHandler
                0x00000000000009c4       0x4c ./drivers/fsl_pint.o
                0x00000000000009c4                PIN_INT6_USART3_IRQHandler
 .text.PIN_INT7_USART4_IRQHandler
                0x0000000000000a10       0x4c ./drivers/fsl_pint.o
                0x0000000000000a10                PIN_INT7_USART4_IRQHandler
 .text.RESET_SetPeripheralReset
                0x0000000000000a5c       0x70 ./drivers/fsl_reset.o
 .text.RESET_ClearPeripheralReset
                0x0000000000000acc       0x6c ./drivers/fsl_reset.o
 .text.SPI_CommonIRQHandler
                0x0000000000000b38       0x40 ./drivers/fsl_spi.o
 .text.SPI0_DriverIRQHandler
                0x0000000000000b78       0x34 ./drivers/fsl_spi.o
                0x0000000000000b78                SPI0_DriverIRQHandler
 .text.SPI1_DriverIRQHandler
                0x0000000000000bac       0x34 ./drivers/fsl_spi.o
                0x0000000000000bac                SPI1_DriverIRQHandler
 .text.SWM_SetMovablePinSelect
                0x0000000000000be0       0x98 ./drivers/fsl_swm.o
                0x0000000000000be0                SWM_SetMovablePinSelect
 .text.SWM_SetFixedPinSelect
                0x0000000000000c78       0xbc ./drivers/fsl_swm.o
                0x0000000000000c78                SWM_SetFixedPinSelect
 .text.USART0_DriverIRQHandler
                0x0000000000000d34       0x24 ./drivers/fsl_usart.o
                0x0000000000000d34                USART0_DriverIRQHandler
 .text.USART1_DriverIRQHandler
                0x0000000000000d58       0x24 ./drivers/fsl_usart.o
                0x0000000000000d58                USART1_DriverIRQHandler
 .text.USART2_DriverIRQHandler
                0x0000000000000d7c       0x24 ./drivers/fsl_usart.o
                0x0000000000000d7c                USART2_DriverIRQHandler
 .text.PIN_INT6_USART3_DriverIRQHandler
                0x0000000000000da0       0x24 ./drivers/fsl_usart.o
                0x0000000000000da0                PIN_INT6_USART3_DriverIRQHandler
 .text.PIN_INT7_USART4_DriverIRQHandler
                0x0000000000000dc4       0x24 ./drivers/fsl_usart.o
                0x0000000000000dc4                PIN_INT7_USART4_DriverIRQHandler
 .text.SystemInit
                0x0000000000000de8       0x2c ./device/system_LPC845.o
                0x0000000000000de8                SystemInit
 .text.CLOCK_Select
                0x0000000000000e14       0x38 ./board/clock_config.o
 .text.CLOCK_SetCoreSysClkDiv
                0x0000000000000e4c       0x3c ./board/clock_config.o
 .text.CLOCK_SetFroOscFreq
                0x0000000000000e88       0x24 ./board/clock_config.o
 .text.POWER_DisablePD
                0x0000000000000eac       0x2c ./board/clock_config.o
 .text.BOARD_BootClockFRO18M
                0x0000000000000ed8       0x58 ./board/clock_config.o
                0x0000000000000ed8                BOARD_BootClockFRO18M
 .text.CLOCK_EnableClock
                0x0000000000000f30       0x54 ./board/pin_mux.o
 .text.CLOCK_DisableClock
                0x0000000000000f84       0x58 ./board/pin_mux.o
 .text.BOARD_InitSWD_DEBUGPins
                0x0000000000000fdc       0x60 ./board/pin_mux.o
                0x0000000000000fdc                BOARD_InitSWD_DEBUGPins
 .text.BOARD_InitBUTTONsPins
                0x000000000000103c       0x30 ./board/pin_mux.o
                0x000000000000103c                BOARD_InitBUTTONsPins
 .text.BOARD_InitLEDsPins
                0x000000000000106c       0x50 ./board/pin_mux.o
                0x000000000000106c                BOARD_InitLEDsPins
 .text.BOARD_InitDEBUG_UARTPins
                0x00000000000010bc       0x60 ./board/pin_mux.o
                0x00000000000010bc                BOARD_InitDEBUG_UARTPins
 .text.__assertion_failed
                0x000000000000111c       0x4c /usr/local/mcuxpressoide-11.2.1_4149/ide/plugins/com.nxp.mcuxpresso.tools.linux_11.2.0.202001021529/tools/bin/../lib/gcc/arm-none-eabi/9.2.1/../../../../arm-none-eabi/lib/thumb/v6-m/nofp/libcr_semihost_nf.a(_cr_assert.o)
                0x000000000000111c                __assertion_failed
 .text.__sys_appexit
                0x0000000000001168        0xc /usr/local/mcuxpressoide-11.2.1_4149/ide/plugins/com.nxp.mcuxpresso.tools.linux_11.2.0.202001021529/tools/bin/../lib/gcc/arm-none-eabi/9.2.1/../../../../arm-none-eabi/lib/thumb/v6-m/nofp/libcr_semihost_nf.a(__sys_appexit.o)
                0x0000000000001168                __exit
                0x0000000000001168                __sys_appexit
 .text._deferredlazyseek
                0x0000000000001174       0x40 /usr/local/mcuxpressoide-11.2.1_4149/ide/plugins/com.nxp.mcuxpresso.tools.linux_11.2.0.202001021529/tools/bin/../lib/gcc/arm-none-eabi/9.2.1/../../../../arm-none-eabi/lib/thumb/v6-m/nofp/libcr_c.a(_deferredlazyseek.o)
                0x0000000000001174                _deferredlazyseek
 .text.__flsbuf
                0x00000000000011b4      0x150 /usr/local/mcuxpressoide-11.2.1_4149/ide/plugins/com.nxp.mcuxpresso.tools.linux_11.2.0.202001021529/tools/bin/../lib/gcc/arm-none-eabi/9.2.1/../../../../arm-none-eabi/lib/thumb/v6-m/nofp/libcr_c.a(_deferredlazyseek.o)
                0x00000000000011b4                __flsbuf
 .text._fflush  0x0000000000001304       0x60 /usr/local/mcuxpressoide-11.2.1_4149/ide/plugins/com.nxp.mcuxpresso.tools.linux_11.2.0.202001021529/tools/bin/../lib/gcc/arm-none-eabi/9.2.1/../../../../arm-none-eabi/lib/thumb/v6-m/nofp/libcr_c.a(_fflush.o)
                0x0000000000001304                _fflush
 .text._Cwritebuf
                0x0000000000001364       0x68 /usr/local/mcuxpressoide-11.2.1_4149/ide/plugins/com.nxp.mcuxpresso.tools.linux_11.2.0.202001021529/tools/bin/../lib/gcc/arm-none-eabi/9.2.1/../../../../arm-none-eabi/lib/thumb/v6-m/nofp/libcr_c.a(_writebuf.o)
                0x0000000000001364                _Cwritebuf
 .text.malloc   0x00000000000013cc       0xd0 /usr/local/mcuxpressoide-11.2.1_4149/ide/plugins/com.nxp.mcuxpresso.tools.linux_11.2.0.202001021529/tools/bin/../lib/gcc/arm-none-eabi/9.2.1/../../../../arm-none-eabi/lib/thumb/v6-m/nofp/libcr_c.a(alloc.o)
                0x00000000000013cc                malloc
 .text._Csys_alloc
                0x000000000000149c       0x20 /usr/local/mcuxpressoide-11.2.1_4149/ide/plugins/com.nxp.mcuxpresso.tools.linux_11.2.0.202001021529/tools/bin/../lib/gcc/arm-none-eabi/9.2.1/../../../../arm-none-eabi/lib/thumb/v6-m/nofp/libcr_c.a(alloc.o)
                0x000000000000149c                _Csys_alloc
 .text.fseek    0x00000000000014bc       0xf4 /usr/local/mcuxpressoide-11.2.1_4149/ide/plugins/com.nxp.mcuxpresso.tools.linux_11.2.0.202001021529/tools/bin/../lib/gcc/arm-none-eabi/9.2.1/../../../../arm-none-eabi/lib/thumb/v6-m/nofp/libcr_c.a(fseek.o)
                0x00000000000014bc                fseek
 .text.ftell    0x00000000000015b0       0x48 /usr/local/mcuxpressoide-11.2.1_4149/ide/plugins/com.nxp.mcuxpresso.tools.linux_11.2.0.202001021529/tools/bin/../lib/gcc/arm-none-eabi/9.2.1/../../../../arm-none-eabi/lib/thumb/v6-m/nofp/libcr_c.a(ftell.o)
                0x00000000000015b0                ftell
 .text._initio  0x00000000000015f8       0x7c /usr/local/mcuxpressoide-11.2.1_4149/ide/plugins/com.nxp.mcuxpresso.tools.linux_11.2.0.202001021529/tools/bin/../lib/gcc/arm-none-eabi/9.2.1/../../../../arm-none-eabi/lib/thumb/v6-m/nofp/libcr_c.a(initio.o)
                0x00000000000015f8                _initio
 .text.__vfprintf
                0x0000000000001674      0xd40 /usr/local/mcuxpressoide-11.2.1_4149/ide/plugins/com.nxp.mcuxpresso.tools.linux_11.2.0.202001021529/tools/bin/../lib/gcc/arm-none-eabi/9.2.1/../../../../arm-none-eabi/lib/thumb/v6-m/nofp/libcr_c.a(printf.o)
                0x0000000000001674                __vfprintf
 .text._vsnprintf
                0x00000000000023b4       0x70 /usr/local/mcuxpressoide-11.2.1_4149/ide/plugins/com.nxp.mcuxpresso.tools.linux_11.2.0.202001021529/tools/bin/../lib/gcc/arm-none-eabi/9.2.1/../../../../arm-none-eabi/lib/thumb/v6-m/nofp/libcr_c.a(printf.o)
                0x00000000000023b4                _vsnprintf
 .text._printf  0x0000000000002424       0x50 /usr/local/mcuxpressoide-11.2.1_4149/ide/plugins/com.nxp.mcuxpresso.tools.linux_11.2.0.202001021529/tools/bin/../lib/gcc/arm-none-eabi/9.2.1/../../../../arm-none-eabi/lib/thumb/v6-m/nofp/libcr_c.a(printf.o)
                0x0000000000002424                _printf
 .text.setvbuf  0x0000000000002474       0x4c /usr/local/mcuxpressoide-11.2.1_4149/ide/plugins/com.nxp.mcuxpresso.tools.linux_11.2.0.202001021529/tools/bin/../lib/gcc/arm-none-eabi/9.2.1/../../../../arm-none-eabi/lib/thumb/v6-m/nofp/libcr_c.a(setvbuf.o)
                0x0000000000002474                setvbuf
 .text.strlen   0x00000000000024c0       0x58 /usr/local/mcuxpressoide-11.2.1_4149/ide/plugins/com.nxp.mcuxpresso.tools.linux_11.2.0.202001021529/tools/bin/../lib/gcc/arm-none-eabi/9.2.1/../../../../arm-none-eabi/lib/thumb/v6-m/nofp/libcr_c.a(strlen.o)
                0x00000000000024c0                strlen
 .text._sbrk    0x0000000000002518       0x44 /usr/local/mcuxpressoide-11.2.1_4149/ide/plugins/com.nxp.mcuxpresso.tools.linux_11.2.0.202001021529/tools/bin/../lib/gcc/arm-none-eabi/9.2.1/../../../../arm-none-eabi/lib/thumb/v6-m/nofp/libcr_c.a(_cr_sbrk.o)
                0x0000000000002518                _sbrk
 .text._fdopen  0x000000000000255c       0x74 /usr/local/mcuxpressoide-11.2.1_4149/ide/plugins/com.nxp.mcuxpresso.tools.linux_11.2.0.202001021529/tools/bin/../lib/gcc/arm-none-eabi/9.2.1/../../../../arm-none-eabi/lib/thumb/v6-m/nofp/libcr_c.a(_fdopen.o)
                0x000000000000255c                _fdopen
 .text.fclose   0x00000000000025d0       0x5c /usr/local/mcuxpressoide-11.2.1_4149/ide/plugins/com.nxp.mcuxpresso.tools.linux_11.2.0.202001021529/tools/bin/../lib/gcc/arm-none-eabi/9.2.1/../../../../arm-none-eabi/lib/thumb/v6-m/nofp/libcr_c.a(fclose.o)
                0x00000000000025d0                fclose
 .text.fflush   0x000000000000262c       0x44 /usr/local/mcuxpressoide-11.2.1_4149/ide/plugins/com.nxp.mcuxpresso.tools.linux_11.2.0.202001021529/tools/bin/../lib/gcc/arm-none-eabi/9.2.1/../../../../arm-none-eabi/lib/thumb/v6-m/nofp/libcr_c.a(fflush.o)
                0x000000000000262c                fflush
 .text.__check_heap_overflow
                0x0000000000002670       0x14 /usr/local/mcuxpressoide-11.2.1_4149/ide/plugins/com.nxp.mcuxpresso.tools.linux_11.2.0.202001021529/tools/bin/../lib/gcc/arm-none-eabi/9.2.1/../../../../arm-none-eabi/lib/thumb/v6-m/nofp/libcr_c.a(_cr_check_heap.o)
                0x0000000000002670                __check_heap_overflow
 .text._do_fflush
                0x0000000000002684       0x48 /usr/local/mcuxpressoide-11.2.1_4149/ide/plugins/com.nxp.mcuxpresso.tools.linux_11.2.0.202001021529/tools/bin/../lib/gcc/arm-none-eabi/9.2.1/../../../../arm-none-eabi/lib/thumb/v6-m/nofp/libcr_c.a(_do_fflush.o)
                0x0000000000002684                _do_fflush
 .text.GPIO_PortToggle
                0x00000000000026cc       0x26 ./source/LPC845_Project3.o
 .text.gpioInitOutput
                0x00000000000026f2       0x5c ./source/digital.o
                0x00000000000026f2                gpioInitOutput
 .text.CTIMER_GetStatusFlags
                0x000000000000274e       0x14 ./drivers/fsl_ctimer.o
 .text.CTIMER_ClearStatusFlags
                0x0000000000002762       0x18 ./drivers/fsl_ctimer.o
 .text.CTIMER0_DriverIRQHandler
                0x000000000000277a       0x10 ./drivers/fsl_ctimer.o
                0x000000000000277a                CTIMER0_DriverIRQHandler
 .text.GPIO_PinInit
                0x000000000000278a       0xb4 ./drivers/fsl_gpio.o
                0x000000000000278a                GPIO_PinInit
 .text.PINT_PatternMatchResetDetectLogic
                0x000000000000283e       0x30 ./drivers/fsl_pint.o
                0x000000000000283e                PINT_PatternMatchResetDetectLogic
 .text.PINT_PinInterruptClrStatus
                0x000000000000286e       0x52 ./drivers/fsl_pint.o
                0x000000000000286e                PINT_PinInterruptClrStatus
 .text.RESET_PeripheralReset
                0x00000000000028c0       0x20 ./drivers/fsl_reset.o
                0x00000000000028c0                RESET_PeripheralReset
 .text.SPI_IsMaster
                0x00000000000028e0       0x1e ./drivers/fsl_spi.o
 .text.SystemInitHook
                0x00000000000028fe        0xa ./device/system_LPC845.o
                0x00000000000028fe                SystemInitHook
 .text.BOARD_InitDebugConsole
                0x0000000000002908        0xc ./board/board.o
                0x0000000000002908                BOARD_InitDebugConsole
 .text.BOARD_InitBootClocks
                0x0000000000002914        0xe ./board/clock_config.o
                0x0000000000002914                BOARD_InitBootClocks
 .text.BOARD_InitBootPeripherals
                0x0000000000002922        0xa ./board/peripherals.o
                0x0000000000002922                BOARD_InitBootPeripherals
 .text.IOCON_PinMuxSet
                0x000000000000292c       0x26 ./board/pin_mux.o
 .text.BOARD_InitBootPins
                0x0000000000002952       0x1a ./board/pin_mux.o
                0x0000000000002952                BOARD_InitBootPins
 .text.__main   0x000000000000296c        0xc /usr/local/mcuxpressoide-11.2.1_4149/ide/plugins/com.nxp.mcuxpresso.tools.linux_11.2.0.202001021529/tools/bin/../lib/gcc/arm-none-eabi/9.2.1/../../../../arm-none-eabi/lib/thumb/v6-m/nofp/libcr_semihost_nf.a(_cr__main.o)
                0x000000000000296c                __main
                0x000000000000296c                __CR_SEMIHOST
 .text.memset   0x0000000000002978        0x8 /usr/local/mcuxpressoide-11.2.1_4149/ide/plugins/com.nxp.mcuxpresso.tools.linux_11.2.0.202001021529/tools/bin/../lib/gcc/arm-none-eabi/9.2.1/../../../../arm-none-eabi/lib/thumb/v6-m/nofp/libcr_c.a(memset.o)
                0x0000000000002978                memset
 .text.free     0x0000000000002980       0x2c /usr/local/mcuxpressoide-11.2.1_4149/ide/plugins/com.nxp.mcuxpresso.tools.linux_11.2.0.202001021529/tools/bin/../lib/gcc/arm-none-eabi/9.2.1/../../../../arm-none-eabi/lib/thumb/v6-m/nofp/libcr_c.a(alloc.o)
                0x0000000000002980                free
 .text.fputs    0x00000000000029ac       0x2e /usr/local/mcuxpressoide-11.2.1_4149/ide/plugins/com.nxp.mcuxpresso.tools.linux_11.2.0.202001021529/tools/bin/../lib/gcc/arm-none-eabi/9.2.1/../../../../arm-none-eabi/lib/thumb/v6-m/nofp/libcr_c.a(fputs.o)
                0x00000000000029ac                fputs
 .text.no_fp_display
                0x00000000000029da        0x4 /usr/local/mcuxpressoide-11.2.1_4149/ide/plugins/com.nxp.mcuxpresso.tools.linux_11.2.0.202001021529/tools/bin/../lib/gcc/arm-none-eabi/9.2.1/../../../../arm-none-eabi/lib/thumb/v6-m/nofp/libcr_c.a(printf.o)
 .text.remove   0x00000000000029de       0x12 /usr/local/mcuxpressoide-11.2.1_4149/ide/plugins/com.nxp.mcuxpresso.tools.linux_11.2.0.202001021529/tools/bin/../lib/gcc/arm-none-eabi/9.2.1/../../../../arm-none-eabi/lib/thumb/v6-m/nofp/libcr_c.a(remove.o)
                0x00000000000029de                remove
 .text.__aeabi_division_idivmod
                0x00000000000029f0       0x78 /usr/local/mcuxpressoide-11.2.1_4149/ide/plugins/com.nxp.mcuxpresso.tools.linux_11.2.0.202001021529/tools/bin/../lib/gcc/arm-none-eabi/9.2.1/thumb/v6-m/nofp/libcr_eabihelpers.a(division_32.o)
                0x00000000000029f0                __aeabi_idiv
                0x00000000000029f0                __aeabi_idivmod
                0x00000000000029f6                __aeabi_uidiv
                0x00000000000029f6                __aeabi_uidivmod
 .text.__aeabi_division_idiv0
                0x0000000000002a68        0x2 /usr/local/mcuxpressoide-11.2.1_4149/ide/plugins/com.nxp.mcuxpresso.tools.linux_11.2.0.202001021529/tools/bin/../lib/gcc/arm-none-eabi/9.2.1/thumb/v6-m/nofp/libcr_eabihelpers.a(division_idiv0.o)
                0x0000000000002a68                __aeabi_idiv0
 .text.__aeabi_llong_lmul
                0x0000000000002a6a       0x2e /usr/local/mcuxpressoide-11.2.1_4149/ide/plugins/com.nxp.mcuxpresso.tools.linux_11.2.0.202001021529/tools/bin/../lib/gcc/arm-none-eabi/9.2.1/thumb/v6-m/nofp/libcr_eabihelpers.a(llong.o)
                0x0000000000002a6a                __aeabi_lmul
 .text.__aeabi_memset_lowlevel
                0x0000000000002a98       0x2a /usr/local/mcuxpressoide-11.2.1_4149/ide/plugins/com.nxp.mcuxpresso.tools.linux_11.2.0.202001021529/tools/bin/../lib/gcc/arm-none-eabi/9.2.1/thumb/v6-m/nofp/libcr_eabihelpers.a(memcpy.o)
                0x0000000000002a98                __aeabi_lowlevel_memset
 .text.__gnu_thumb1_case_shi
                0x0000000000002ac2       0x10 /usr/local/mcuxpressoide-11.2.1_4149/ide/plugins/com.nxp.mcuxpresso.tools.linux_11.2.0.202001021529/tools/bin/../lib/gcc/arm-none-eabi/9.2.1/thumb/v6-m/nofp/libcr_eabihelpers.a(thumb1_switch_helpers.o)
                0x0000000000002ac2                __gnu_thumb1_case_shi
 .text.__sys_close
                0x0000000000002ad2        0xc /usr/local/mcuxpressoide-11.2.1_4149/ide/plugins/com.nxp.mcuxpresso.tools.linux_11.2.0.202001021529/tools/bin/../lib/gcc/arm-none-eabi/9.2.1/../../../../arm-none-eabi/lib/thumb/v6-m/nofp/libcr_semihost_nf.a(__sys_close.o)
                0x0000000000002ad2                __sys_close
 .text.__sys_flen
                0x0000000000002ade        0xc /usr/local/mcuxpressoide-11.2.1_4149/ide/plugins/com.nxp.mcuxpresso.tools.linux_11.2.0.202001021529/tools/bin/../lib/gcc/arm-none-eabi/9.2.1/../../../../arm-none-eabi/lib/thumb/v6-m/nofp/libcr_semihost_nf.a(__sys_flen.o)
                0x0000000000002ade                __sys_flen
 .text.__sys_istty
                0x0000000000002aea        0xc /usr/local/mcuxpressoide-11.2.1_4149/ide/plugins/com.nxp.mcuxpresso.tools.linux_11.2.0.202001021529/tools/bin/../lib/gcc/arm-none-eabi/9.2.1/../../../../arm-none-eabi/lib/thumb/v6-m/nofp/libcr_semihost_nf.a(__sys_istty.o)
                0x0000000000002aea                __sys_istty
 .text.__sys_remove
                0x0000000000002af6        0xc /usr/local/mcuxpressoide-11.2.1_4149/ide/plugins/com.nxp.mcuxpresso.tools.linux_11.2.0.202001021529/tools/bin/../lib/gcc/arm-none-eabi/9.2.1/../../../../arm-none-eabi/lib/thumb/v6-m/nofp/libcr_semihost_nf.a(__sys_remove.o)
                0x0000000000002af6                __sys_remove
 .text.__sys_seek
                0x0000000000002b02        0xc /usr/local/mcuxpressoide-11.2.1_4149/ide/plugins/com.nxp.mcuxpresso.tools.linux_11.2.0.202001021529/tools/bin/../lib/gcc/arm-none-eabi/9.2.1/../../../../arm-none-eabi/lib/thumb/v6-m/nofp/libcr_semihost_nf.a(__sys_seek.o)
                0x0000000000002b02                __sys_seek
 .text.__sys_tmpnam
                0x0000000000002b0e        0xc /usr/local/mcuxpressoide-11.2.1_4149/ide/plugins/com.nxp.mcuxpresso.tools.linux_11.2.0.202001021529/tools/bin/../lib/gcc/arm-none-eabi/9.2.1/../../../../arm-none-eabi/lib/thumb/v6-m/nofp/libcr_semihost_nf.a(__sys_tmpnam.o)
                0x0000000000002b0e                __sys_tmpnam
 .text.__sys_write
                0x0000000000002b1a        0xc /usr/local/mcuxpressoide-11.2.1_4149/ide/plugins/com.nxp.mcuxpresso.tools.linux_11.2.0.202001021529/tools/bin/../lib/gcc/arm-none-eabi/9.2.1/../../../../arm-none-eabi/lib/thumb/v6-m/nofp/libcr_semihost_nf.a(__sys_write.o)
                0x0000000000002b1a                __sys_write
 *(SORT_BY_ALIGNMENT(.rodata) SORT_BY_ALIGNMENT(.rodata.*) SORT_BY_ALIGNMENT(.constdata) SORT_BY_ALIGNMENT(.constdata.*))
 *fill*         0x0000000000002b26        0x2 ff
 .rodata.main.str1.4
                0x0000000000002b28        0xd ./source/LPC845_Project3.o
 *fill*         0x0000000000002b35        0x3 ff
 .rodata        0x0000000000002b38        0x2 ./source/LPC845_Project3.o
 *fill*         0x0000000000002b3a        0x2 ff
 .rodata.CLOCK_UpdateClkSrc.str1.4
                0x0000000000002b3c       0x18 ./drivers/fsl_clock.o
 .rodata.s_gpioClockName
                0x0000000000002b54        0x4 ./drivers/fsl_gpio.o
 .rodata.s_gpioResets
                0x0000000000002b58        0x8 ./drivers/fsl_gpio.o
 .rodata.GPIO_PortInit.str1.4
                0x0000000000002b60       0x34 ./drivers/fsl_gpio.o
 .rodata.RESET_SetPeripheralReset.str1.4
                0x0000000000002b94       0x20 ./drivers/fsl_reset.o
 .rodata.RESET_ClearPeripheralReset.str1.4
                0x0000000000002bb4       0x20 ./drivers/fsl_reset.o
 .rodata.SPI0_DriverIRQHandler.str1.4
                0x0000000000002bd4       0x20 ./drivers/fsl_spi.o
 .rodata.SPI1_DriverIRQHandler.str1.4
                0x0000000000002bf4       0x20 ./drivers/fsl_spi.o
 .rodata.SWM_SetMovablePinSelect.str1.4
                0x0000000000002c14       0x4e ./drivers/fsl_swm.o
 *fill*         0x0000000000002c62        0x2 ff
 .rodata.SWM_SetFixedPinSelect.str1.4
                0x0000000000002c64       0x7f ./drivers/fsl_swm.o
 *fill*         0x0000000000002ce3        0x1 ff
 .rodata.CLOCK_SetCoreSysClkDiv.str1.4
                0x0000000000002ce4       0x73 ./board/clock_config.o
 *fill*         0x0000000000002d57        0x1 ff
 .rodata.__num_Ciob_streams
                0x0000000000002d58        0x4 /usr/local/mcuxpressoide-11.2.1_4149/ide/plugins/com.nxp.mcuxpresso.tools.linux_11.2.0.202001021529/tools/bin/../lib/gcc/arm-none-eabi/9.2.1/../../../../arm-none-eabi/lib/thumb/v6-m/nofp/libcr_semihost_nf.a(__ciob.o)
                0x0000000000002d58                __num_Ciob_streams
 .rodata.__assertion_failed.str1.1
                0x0000000000002d5c       0x15 /usr/local/mcuxpressoide-11.2.1_4149/ide/plugins/com.nxp.mcuxpresso.tools.linux_11.2.0.202001021529/tools/bin/../lib/gcc/arm-none-eabi/9.2.1/../../../../arm-none-eabi/lib/thumb/v6-m/nofp/libcr_semihost_nf.a(_cr_assert.o)
 .rodata._Csys_alloc.str1.1
                0x0000000000002d71       0x18 /usr/local/mcuxpressoide-11.2.1_4149/ide/plugins/com.nxp.mcuxpresso.tools.linux_11.2.0.202001021529/tools/bin/../lib/gcc/arm-none-eabi/9.2.1/../../../../arm-none-eabi/lib/thumb/v6-m/nofp/libcr_c.a(alloc.o)
 .rodata._initio.str1.1
                0x0000000000002d89        0x4 /usr/local/mcuxpressoide-11.2.1_4149/ide/plugins/com.nxp.mcuxpresso.tools.linux_11.2.0.202001021529/tools/bin/../lib/gcc/arm-none-eabi/9.2.1/../../../../arm-none-eabi/lib/thumb/v6-m/nofp/libcr_c.a(initio.o)
 .rodata.__vfprintf.str1.1
                0x0000000000002d8d       0x35 /usr/local/mcuxpressoide-11.2.1_4149/ide/plugins/com.nxp.mcuxpresso.tools.linux_11.2.0.202001021529/tools/bin/../lib/gcc/arm-none-eabi/9.2.1/../../../../arm-none-eabi/lib/thumb/v6-m/nofp/libcr_c.a(printf.o)
                                         0x38 (size before relaxing)
                0x0000000000002dc4                . = ALIGN (0x4)
 *fill*         0x0000000000002dc2        0x2 ff

.glue_7         0x0000000000002dc4        0x0
 .glue_7        0x0000000000002dc4        0x0 linker stubs

.glue_7t        0x0000000000002dc4        0x0
 .glue_7t       0x0000000000002dc4        0x0 linker stubs

.vfp11_veneer   0x0000000000002dc4        0x0
 .vfp11_veneer  0x0000000000002dc4        0x0 linker stubs

.v4_bx          0x0000000000002dc4        0x0
 .v4_bx         0x0000000000002dc4        0x0 linker stubs

.iplt           0x0000000000002dc4        0x0
 .iplt          0x0000000000002dc4        0x0 ./startup/startup_lpc845.o

.rel.dyn        0x0000000000002dc4        0x0
 .rel.iplt      0x0000000000002dc4        0x0 ./startup/startup_lpc845.o

.ARM.extab
 *(SORT_BY_ALIGNMENT(.ARM.extab*) SORT_BY_ALIGNMENT(.gnu.linkonce.armextab.*))

.ARM.exidx      0x0000000000002dc4        0x0
                0x0000000000002dc4                __exidx_start = .
 *(SORT_BY_ALIGNMENT(.ARM.exidx*) SORT_BY_ALIGNMENT(.gnu.linkonce.armexidx.*))
                0x0000000000002dc4                __exidx_end = .
                0x0000000000002dc4                _etext = .

.mtb_buffer_RAM2
 *(SORT_BY_ALIGNMENT(.mtb.$RAM2*))
 *(SORT_BY_ALIGNMENT(.mtb.$IAP_SRAM*))

.data_RAM2      0x0000000010003fe0        0x0 load address 0x0000000000002dc4
 FILL mask 0xff
                [!provide]                        PROVIDE (__start_data_RAM2 = .)
                [!provide]                        PROVIDE (__start_data_IAP_SRAM = .)
 *(SORT_BY_ALIGNMENT(.ramfunc.$RAM2))
 *(SORT_BY_ALIGNMENT(.ramfunc.$IAP_SRAM))
 *(SORT_BY_ALIGNMENT(.data.$RAM2))
 *(SORT_BY_ALIGNMENT(.data.$IAP_SRAM))
 *(SORT_BY_ALIGNMENT(.data.$RAM2.*))
 *(SORT_BY_ALIGNMENT(.data.$IAP_SRAM.*))
                0x0000000010003fe0                . = ALIGN (0x4)
                [!provide]                        PROVIDE (__end_data_RAM2 = .)
                [!provide]                        PROVIDE (__end_data_IAP_SRAM = .)

.mtb_buffer_default
                0x0000000010000000       0x80
 *(SORT_BY_ALIGNMENT(.mtb*))
 .mtb.$RAM1     0x0000000010000000       0x80 ./source/mtb.o
                0x0000000010000000                __mtb_buffer__

.uninit_RESERVED
                0x0000000010000080        0x0
                0x0000000010000080                _start_uninit_RESERVED = .
 *(SORT_BY_ALIGNMENT(.bss.$RESERVED*))
                0x0000000010000080                . = ALIGN (0x4)
                0x0000000010000080                _end_uninit_RESERVED = .

.data           0x0000000010000080        0x4 load address 0x0000000000002dc4
 FILL mask 0xff
                0x0000000010000080                _data = .
                [!provide]                        PROVIDE (__start_data_RAM = .)
                [!provide]                        PROVIDE (__start_data_SRAM = .)
 *(SORT_BY_ALIGNMENT(vtable))
 *(SORT_BY_ALIGNMENT(.ramfunc*))
 *(SORT_BY_ALIGNMENT(CodeQuickAccess))
 *(SORT_BY_ALIGNMENT(DataQuickAccess))
 *(SORT_BY_ALIGNMENT(RamFunction))
 *(SORT_BY_ALIGNMENT(.data*))
 .data.SystemCoreClock
                0x0000000010000080        0x4 ./device/system_LPC845.o
                0x0000000010000080                SystemCoreClock
                0x0000000010000084                . = ALIGN (0x4)
                0x0000000010000084                _edata = .
                [!provide]                        PROVIDE (__end_data_RAM = .)
                [!provide]                        PROVIDE (__end_data_SRAM = .)

.igot.plt       0x0000000010000084        0x0 load address 0x0000000000002dc8
 .igot.plt      0x0000000010000084        0x0 ./startup/startup_lpc845.o

.bss_RAM2       0x0000000010003fe0        0x0
                [!provide]                        PROVIDE (__start_bss_RAM2 = .)
                [!provide]                        PROVIDE (__start_bss_IAP_SRAM = .)
 *(SORT_BY_ALIGNMENT(.bss.$RAM2))
 *(SORT_BY_ALIGNMENT(.bss.$IAP_SRAM))
 *(SORT_BY_ALIGNMENT(.bss.$RAM2.*))
 *(SORT_BY_ALIGNMENT(.bss.$IAP_SRAM.*))
                0x0000000010003fe0                . = ALIGN ((. != 0x0)?0x4:0x1)
                [!provide]                        PROVIDE (__end_bss_RAM2 = .)
                [!provide]                        PROVIDE (__end_bss_IAP_SRAM = .)

.bss            0x0000000010000084      0x114
                0x0000000010000084                _bss = .
                [!provide]                        PROVIDE (__start_bss_RAM = .)
                [!provide]                        PROVIDE (__start_bss_SRAM = .)
 *(SORT_BY_ALIGNMENT(.bss*))
 .bss.g_systickCounter
                0x0000000010000084        0x4 ./source/LPC845_Project3.o
                0x0000000010000084                g_systickCounter
 .bss.s_ctimerCallback
                0x0000000010000088        0x4 ./drivers/fsl_ctimer.o
 .bss.ctimerCallbackType
                0x000000001000008c        0x1 ./drivers/fsl_ctimer.o
 *fill*         0x000000001000008d        0x3 
 .bss.s_pintCallback
                0x0000000010000090       0x20 ./drivers/fsl_pint.o
 .bss.s_spiHandle
                0x00000000100000b0        0x8 ./drivers/fsl_spi.o
 .bss.s_spiMasterIsr
                0x00000000100000b8        0x4 ./drivers/fsl_spi.o
 .bss.s_spiSlaveIsr
                0x00000000100000bc        0x4 ./drivers/fsl_spi.o
 .bss.s_usartHandle
                0x00000000100000c0       0x14 ./drivers/fsl_usart.o
 .bss.s_usartIsr
                0x00000000100000d4        0x4 ./drivers/fsl_usart.o
 .bss.__Ciob    0x00000000100000d8       0xb4 /usr/local/mcuxpressoide-11.2.1_4149/ide/plugins/com.nxp.mcuxpresso.tools.linux_11.2.0.202001021529/tools/bin/../lib/gcc/arm-none-eabi/9.2.1/../../../../arm-none-eabi/lib/thumb/v6-m/nofp/libcr_semihost_nf.a(__ciob.o)
                0x00000000100000d8                __Ciob
 .bss.__end_of_heap
                0x000000001000018c        0x4 /usr/local/mcuxpressoide-11.2.1_4149/ide/plugins/com.nxp.mcuxpresso.tools.linux_11.2.0.202001021529/tools/bin/../lib/gcc/arm-none-eabi/9.2.1/../../../../arm-none-eabi/lib/thumb/v6-m/nofp/libcr_c.a(__init_alloc.o)
                0x000000001000018c                __end_of_heap
 .bss.__heaps   0x0000000010000190        0x4 /usr/local/mcuxpressoide-11.2.1_4149/ide/plugins/com.nxp.mcuxpresso.tools.linux_11.2.0.202001021529/tools/bin/../lib/gcc/arm-none-eabi/9.2.1/../../../../arm-none-eabi/lib/thumb/v6-m/nofp/libcr_c.a(__init_alloc.o)
                0x0000000010000190                __heaps
 .bss.errno     0x0000000010000194        0x4 /usr/local/mcuxpressoide-11.2.1_4149/ide/plugins/com.nxp.mcuxpresso.tools.linux_11.2.0.202001021529/tools/bin/../lib/gcc/arm-none-eabi/9.2.1/../../../../arm-none-eabi/lib/thumb/v6-m/nofp/libcr_c.a(errno.o)
                0x0000000010000194                errno
 *(SORT_BY_ALIGNMENT(COMMON))
                0x0000000010000198                . = ALIGN (0x4)
                0x0000000010000198                _ebss = .
                [!provide]                        PROVIDE (__end_bss_RAM = .)
                [!provide]                        PROVIDE (__end_bss_SRAM = .)
                [!provide]                        PROVIDE (end = .)

.noinit_RAM2    0x0000000010003fe0        0x0
                [!provide]                        PROVIDE (__start_noinit_RAM2 = .)
                [!provide]                        PROVIDE (__start_noinit_IAP_SRAM = .)
 *(SORT_BY_ALIGNMENT(.noinit.$RAM2))
 *(SORT_BY_ALIGNMENT(.noinit.$IAP_SRAM))
 *(SORT_BY_ALIGNMENT(.noinit.$RAM2.*))
 *(SORT_BY_ALIGNMENT(.noinit.$IAP_SRAM.*))
                0x0000000010003fe0                . = ALIGN (0x4)
                [!provide]                        PROVIDE (__end_noinit_RAM2 = .)
                [!provide]                        PROVIDE (__end_noinit_IAP_SRAM = .)

.noinit         0x0000000010000198        0x0
                0x0000000010000198                _noinit = .
                [!provide]                        PROVIDE (__start_noinit_RAM = .)
                [!provide]                        PROVIDE (__start_noinit_SRAM = .)
 *(SORT_BY_ALIGNMENT(.noinit*))
                0x0000000010000198                . = ALIGN (0x4)
                0x0000000010000198                _end_noinit = .
                [!provide]                        PROVIDE (__end_noinit_RAM = .)
                [!provide]                        PROVIDE (__end_noinit_SRAM = .)
                0x00000000000003f8                _HeapSize = 0x3f8

.heap           0x0000000010000198      0x3f8
                0x0000000010000198                _pvHeapStart = .
                0x0000000010000590                . = (. + _HeapSize)
 *fill*         0x0000000010000198      0x3f8 
                0x0000000010000590                . = ALIGN (0x4)
                0x0000000010000590                _pvHeapLimit = .
                0x00000000000003f8                _StackSize = 0x3f8

.heap2stackfill
                0x0000000010000590      0x3f8
                0x0000000010000988                . = (. + _StackSize)
 *fill*         0x0000000010000590      0x3f8 

.stack          0x0000000010003be8        0x0
                0x0000000010003be8                _vStackBase = .
                0x0000000010003be8                . = ALIGN (0x4)
                0x0000000010003fe0                _vStackTop = (. + _StackSize)
                0xffffffffefffb883                PROVIDE (__valid_user_code_checksum = (0x0 - (((_vStackTop + (ResetISR + 0x1)) + (DEFINED (NMI_Handler)?NMI_Handler:M0_NMI_Handler + 0x1)) + (DEFINED (HardFault_Handler)?HardFault_Handler:M0_HardFault_Handler + 0x1))))
                0x0000000000000000                _image_start = LOADADDR (.text)
                0x0000000000002dc8                _image_end = (LOADADDR (.data) + SIZEOF (.data))
                0x0000000000002dc8                _image_size = (_image_end - _image_start)
OUTPUT(pinesIO.axf elf32-littlearm)

.debug_info     0x0000000000000000     0xd791
 .debug_info    0x0000000000000000      0x49a ./startup/startup_lpc845.o
 .debug_info    0x000000000000049a     0x10cd ./source/LPC845_Project3.o
 .debug_info    0x0000000000001567      0x4fa ./source/digital.o
 .debug_info    0x0000000000001a61       0x53 ./source/mtb.o
 .debug_info    0x0000000000001ab4       0x3c ./source/semihost_hardfault.o
 .debug_info    0x0000000000001af0     0x11a0 ./drivers/fsl_clock.o
 .debug_info    0x0000000000002c90     0x1661 ./drivers/fsl_ctimer.o
 .debug_info    0x00000000000042f1      0xd67 ./drivers/fsl_gpio.o
 .debug_info    0x0000000000005058     0x16ce ./drivers/fsl_pint.o
 .debug_info    0x0000000000006726      0x780 ./drivers/fsl_reset.o
 .debug_info    0x0000000000006ea6     0x1cad ./drivers/fsl_spi.o
 .debug_info    0x0000000000008b53      0x778 ./drivers/fsl_swm.o
 .debug_info    0x00000000000092cb     0x1b47 ./drivers/fsl_usart.o
 .debug_info    0x000000000000ae12      0x6e8 ./device/system_LPC845.o
 .debug_info    0x000000000000b4fa      0x9c8 ./board/board.o
 .debug_info    0x000000000000bec2      0xa7e ./board/clock_config.o
 .debug_info    0x000000000000c940       0x3c ./board/peripherals.o
 .debug_info    0x000000000000c97c      0xe15 ./board/pin_mux.o

.debug_abbrev   0x0000000000000000     0x21ff
 .debug_abbrev  0x0000000000000000      0x1af ./startup/startup_lpc845.o
 .debug_abbrev  0x00000000000001af      0x266 ./source/LPC845_Project3.o
 .debug_abbrev  0x0000000000000415      0x18c ./source/digital.o
 .debug_abbrev  0x00000000000005a1       0x46 ./source/mtb.o
 .debug_abbrev  0x00000000000005e7       0x31 ./source/semihost_hardfault.o
 .debug_abbrev  0x0000000000000618      0x2ec ./drivers/fsl_clock.o
 .debug_abbrev  0x0000000000000904      0x324 ./drivers/fsl_ctimer.o
 .debug_abbrev  0x0000000000000c28      0x1f7 ./drivers/fsl_gpio.o
 .debug_abbrev  0x0000000000000e1f      0x2d0 ./drivers/fsl_pint.o
 .debug_abbrev  0x00000000000010ef      0x197 ./drivers/fsl_reset.o
 .debug_abbrev  0x0000000000001286      0x348 ./drivers/fsl_spi.o
 .debug_abbrev  0x00000000000015ce      0x1a0 ./drivers/fsl_swm.o
 .debug_abbrev  0x000000000000176e      0x321 ./drivers/fsl_usart.o
 .debug_abbrev  0x0000000000001a8f      0x156 ./device/system_LPC845.o
 .debug_abbrev  0x0000000000001be5      0x182 ./board/board.o
 .debug_abbrev  0x0000000000001d67      0x225 ./board/clock_config.o
 .debug_abbrev  0x0000000000001f8c       0x31 ./board/peripherals.o
 .debug_abbrev  0x0000000000001fbd      0x242 ./board/pin_mux.o

.debug_aranges  0x0000000000000000      0x8d0
 .debug_aranges
                0x0000000000000000      0x160 ./startup/startup_lpc845.o
 .debug_aranges
                0x0000000000000160       0x48 ./source/LPC845_Project3.o
 .debug_aranges
                0x00000000000001a8       0x20 ./source/digital.o
 .debug_aranges
                0x00000000000001c8       0x18 ./source/mtb.o
 .debug_aranges
                0x00000000000001e0       0x20 ./source/semihost_hardfault.o
 .debug_aranges
                0x0000000000000200      0x100 ./drivers/fsl_clock.o
 .debug_aranges
                0x0000000000000300       0xb8 ./drivers/fsl_ctimer.o
 .debug_aranges
                0x00000000000003b8       0x30 ./drivers/fsl_gpio.o
 .debug_aranges
                0x00000000000003e8      0x108 ./drivers/fsl_pint.o
 .debug_aranges
                0x00000000000004f0       0x30 ./drivers/fsl_reset.o
 .debug_aranges
                0x0000000000000520      0x138 ./drivers/fsl_spi.o
 .debug_aranges
                0x0000000000000658       0x28 ./drivers/fsl_swm.o
 .debug_aranges
                0x0000000000000680      0x128 ./drivers/fsl_usart.o
 .debug_aranges
                0x00000000000007a8       0x30 ./device/system_LPC845.o
 .debug_aranges
                0x00000000000007d8       0x20 ./board/board.o
 .debug_aranges
                0x00000000000007f8       0x60 ./board/clock_config.o
 .debug_aranges
                0x0000000000000858       0x20 ./board/peripherals.o
 .debug_aranges
                0x0000000000000878       0x58 ./board/pin_mux.o

.debug_ranges   0x0000000000000000      0x7a8
 .debug_ranges  0x0000000000000000      0x150 ./startup/startup_lpc845.o
 .debug_ranges  0x0000000000000150       0x38 ./source/LPC845_Project3.o
 .debug_ranges  0x0000000000000188       0x10 ./source/digital.o
 .debug_ranges  0x0000000000000198       0x10 ./source/semihost_hardfault.o
 .debug_ranges  0x00000000000001a8       0xf0 ./drivers/fsl_clock.o
 .debug_ranges  0x0000000000000298       0xa8 ./drivers/fsl_ctimer.o
 .debug_ranges  0x0000000000000340       0x20 ./drivers/fsl_gpio.o
 .debug_ranges  0x0000000000000360       0xf8 ./drivers/fsl_pint.o
 .debug_ranges  0x0000000000000458       0x20 ./drivers/fsl_reset.o
 .debug_ranges  0x0000000000000478      0x128 ./drivers/fsl_spi.o
 .debug_ranges  0x00000000000005a0       0x18 ./drivers/fsl_swm.o
 .debug_ranges  0x00000000000005b8      0x118 ./drivers/fsl_usart.o
 .debug_ranges  0x00000000000006d0       0x20 ./device/system_LPC845.o
 .debug_ranges  0x00000000000006f0       0x10 ./board/board.o
 .debug_ranges  0x0000000000000700       0x50 ./board/clock_config.o
 .debug_ranges  0x0000000000000750       0x10 ./board/peripherals.o
 .debug_ranges  0x0000000000000760       0x48 ./board/pin_mux.o

.debug_macro    0x0000000000000000     0x1599
 .debug_macro   0x0000000000000000       0x32 ./startup/startup_lpc845.o
 .debug_macro   0x0000000000000032       0x34 ./startup/startup_lpc845.o
 .debug_macro   0x0000000000000066      0x16e ./source/LPC845_Project3.o
 .debug_macro   0x00000000000001d4       0xd8 ./source/LPC845_Project3.o
 .debug_macro   0x00000000000002ac       0x22 ./source/LPC845_Project3.o
 .debug_macro   0x00000000000002ce       0x28 ./source/LPC845_Project3.o
 .debug_macro   0x00000000000002f6       0x10 ./source/LPC845_Project3.o
 .debug_macro   0x0000000000000306       0xf4 ./source/LPC845_Project3.o
 .debug_macro   0x00000000000003fa       0x9a ./source/LPC845_Project3.o
 .debug_macro   0x0000000000000494       0x46 ./source/LPC845_Project3.o
 .debug_macro   0x00000000000004da      0x120 ./source/digital.o
 .debug_macro   0x00000000000005fa       0x1c ./source/digital.o
 .debug_macro   0x0000000000000616       0x2f ./source/mtb.o
 .debug_macro   0x0000000000000645       0x82 ./source/mtb.o
 .debug_macro   0x00000000000006c7       0x10 ./source/mtb.o
 .debug_macro   0x00000000000006d7       0x11 ./source/semihost_hardfault.o
 .debug_macro   0x00000000000006e8      0x130 ./drivers/fsl_clock.o
 .debug_macro   0x0000000000000818      0x11c ./drivers/fsl_ctimer.o
 .debug_macro   0x0000000000000934      0x11c ./drivers/fsl_gpio.o
 .debug_macro   0x0000000000000a50      0x11b ./drivers/fsl_pint.o
 .debug_macro   0x0000000000000b6b       0x70 ./drivers/fsl_pint.o
 .debug_macro   0x0000000000000bdb      0x10c ./drivers/fsl_reset.o
 .debug_macro   0x0000000000000ce7      0x11b ./drivers/fsl_spi.o
 .debug_macro   0x0000000000000e02       0x1c ./drivers/fsl_spi.o
 .debug_macro   0x0000000000000e1e      0x126 ./drivers/fsl_swm.o
 .debug_macro   0x0000000000000f44      0x11b ./drivers/fsl_usart.o
 .debug_macro   0x000000000000105f       0x1c ./drivers/fsl_usart.o
 .debug_macro   0x000000000000107b       0x97 ./device/system_LPC845.o
 .debug_macro   0x0000000000001112      0x14e ./board/board.o
 .debug_macro   0x0000000000001260       0x2e ./board/board.o
 .debug_macro   0x000000000000128e       0x1c ./board/board.o
 .debug_macro   0x00000000000012aa      0x12c ./board/clock_config.o
 .debug_macro   0x00000000000013d6       0x1b ./board/peripherals.o
 .debug_macro   0x00000000000013f1      0x132 ./board/pin_mux.o
 .debug_macro   0x0000000000001523       0x76 ./board/pin_mux.o

.debug_line     0x0000000000000000     0x60ec
 .debug_line    0x0000000000000000      0x26d ./startup/startup_lpc845.o
 .debug_line    0x000000000000026d      0x623 ./source/LPC845_Project3.o
 .debug_line    0x0000000000000890      0x398 ./source/digital.o
 .debug_line    0x0000000000000c28       0xd5 ./source/mtb.o
 .debug_line    0x0000000000000cfd       0x59 ./source/semihost_hardfault.o
 .debug_line    0x0000000000000d56      0xa1b ./drivers/fsl_clock.o
 .debug_line    0x0000000000001771      0x812 ./drivers/fsl_ctimer.o
 .debug_line    0x0000000000001f83      0x3a6 ./drivers/fsl_gpio.o
 .debug_line    0x0000000000002329      0xaa9 ./drivers/fsl_pint.o
 .debug_line    0x0000000000002dd2      0x38f ./drivers/fsl_reset.o
 .debug_line    0x0000000000003161      0xcfe ./drivers/fsl_spi.o
 .debug_line    0x0000000000003e5f      0x3ef ./drivers/fsl_swm.o
 .debug_line    0x000000000000424e      0xcb3 ./drivers/fsl_usart.o
 .debug_line    0x0000000000004f01      0x3ed ./device/system_LPC845.o
 .debug_line    0x00000000000052ee      0x417 ./board/board.o
 .debug_line    0x0000000000005705      0x4bf ./board/clock_config.o
 .debug_line    0x0000000000005bc4       0x5a ./board/peripherals.o
 .debug_line    0x0000000000005c1e      0x4ce ./board/pin_mux.o

.debug_str      0x0000000000000000    0x3e213
 .debug_str     0x0000000000000000     0x32d6 ./startup/startup_lpc845.o
                                       0x3319 (size before relaxing)
 .debug_str     0x00000000000032d6    0x35605 ./source/LPC845_Project3.o
                                      0x38485 (size before relaxing)
 .debug_str     0x00000000000388db       0x5e ./source/digital.o
                                      0x36770 (size before relaxing)
 .debug_str     0x0000000000038939      0x532 ./source/mtb.o
                                       0x3337 (size before relaxing)
 .debug_str     0x0000000000038e6b       0x1f ./source/semihost_hardfault.o
                                       0x2e24 (size before relaxing)
 .debug_str     0x0000000000038e8a      0x8fe ./drivers/fsl_clock.o
                                      0x3768c (size before relaxing)
 .debug_str     0x0000000000039788      0xbfe ./drivers/fsl_ctimer.o
                                      0x37c2a (size before relaxing)
 .debug_str     0x000000000003a386       0x7b ./drivers/fsl_gpio.o
                                      0x3737f (size before relaxing)
 .debug_str     0x000000000003a401      0xab0 ./drivers/fsl_pint.o
                                      0x3807e (size before relaxing)
 .debug_str     0x000000000003aeb1       0xae ./drivers/fsl_reset.o
                                      0x368e1 (size before relaxing)
 .debug_str     0x000000000003af5f      0xbe1 ./drivers/fsl_spi.o
                                      0x38163 (size before relaxing)
 .debug_str     0x000000000003bb40      0xb13 ./drivers/fsl_swm.o
                                      0x36ebd (size before relaxing)
 .debug_str     0x000000000003c653      0xca1 ./drivers/fsl_usart.o
                                      0x382bf (size before relaxing)
 .debug_str     0x000000000003d2f4       0x5a ./device/system_LPC845.o
                                      0x35141 (size before relaxing)
 .debug_str     0x000000000003d34e       0x33 ./board/board.o
                                      0x37d71 (size before relaxing)
 .debug_str     0x000000000003d381      0x96f ./board/clock_config.o
                                      0x37149 (size before relaxing)
 .debug_str     0x000000000003dcf0       0x31 ./board/peripherals.o
                                       0x2e35 (size before relaxing)
 .debug_str     0x000000000003dd21      0x4f2 ./board/pin_mux.o
                                      0x37823 (size before relaxing)

.comment        0x0000000000000000       0x79
 .comment       0x0000000000000000       0x79 ./startup/startup_lpc845.o
                                         0x7a (size before relaxing)
 .comment       0x0000000000000079       0x7a ./source/LPC845_Project3.o
 .comment       0x0000000000000079       0x7a ./source/digital.o
 .comment       0x0000000000000079       0x7a ./source/mtb.o
 .comment       0x0000000000000079       0x7a ./source/semihost_hardfault.o
 .comment       0x0000000000000079       0x7a ./drivers/fsl_clock.o
 .comment       0x0000000000000079       0x7a ./drivers/fsl_ctimer.o
 .comment       0x0000000000000079       0x7a ./drivers/fsl_gpio.o
 .comment       0x0000000000000079       0x7a ./drivers/fsl_pint.o
 .comment       0x0000000000000079       0x7a ./drivers/fsl_reset.o
 .comment       0x0000000000000079       0x7a ./drivers/fsl_spi.o
 .comment       0x0000000000000079       0x7a ./drivers/fsl_swm.o
 .comment       0x0000000000000079       0x7a ./drivers/fsl_usart.o
 .comment       0x0000000000000079       0x7a ./device/system_LPC845.o
 .comment       0x0000000000000079       0x7a ./board/board.o
 .comment       0x0000000000000079       0x7a ./board/clock_config.o
 .comment       0x0000000000000079       0x7a ./board/peripherals.o
 .comment       0x0000000000000079       0x7a ./board/pin_mux.o
 .comment       0x0000000000000079       0x7a /usr/local/mcuxpressoide-11.2.1_4149/ide/plugins/com.nxp.mcuxpresso.tools.linux_11.2.0.202001021529/tools/bin/../lib/gcc/arm-none-eabi/9.2.1/../../../../arm-none-eabi/lib/thumb/v6-m/nofp/libcr_semihost_nf.a(_cr__main.o)
 .comment       0x0000000000000079       0x7a /usr/local/mcuxpressoide-11.2.1_4149/ide/plugins/com.nxp.mcuxpresso.tools.linux_11.2.0.202001021529/tools/bin/../lib/gcc/arm-none-eabi/9.2.1/../../../../arm-none-eabi/lib/thumb/v6-m/nofp/libcr_semihost_nf.a(_cr_assert.o)
 .comment       0x0000000000000079       0x7a /usr/local/mcuxpressoide-11.2.1_4149/ide/plugins/com.nxp.mcuxpresso.tools.linux_11.2.0.202001021529/tools/bin/../lib/gcc/arm-none-eabi/9.2.1/../../../../arm-none-eabi/lib/thumb/v6-m/nofp/libcr_semihost_nf.a(__ciob.o)
 .comment       0x0000000000000079       0x7a /usr/local/mcuxpressoide-11.2.1_4149/ide/plugins/com.nxp.mcuxpresso.tools.linux_11.2.0.202001021529/tools/bin/../lib/gcc/arm-none-eabi/9.2.1/../../../../arm-none-eabi/lib/thumb/v6-m/nofp/libcr_c.a(memset.o)
 .comment       0x0000000000000079       0x7a /usr/local/mcuxpressoide-11.2.1_4149/ide/plugins/com.nxp.mcuxpresso.tools.linux_11.2.0.202001021529/tools/bin/../lib/gcc/arm-none-eabi/9.2.1/../../../../arm-none-eabi/lib/thumb/v6-m/nofp/libcr_c.a(_deferredlazyseek.o)
 .comment       0x0000000000000079       0x7a /usr/local/mcuxpressoide-11.2.1_4149/ide/plugins/com.nxp.mcuxpresso.tools.linux_11.2.0.202001021529/tools/bin/../lib/gcc/arm-none-eabi/9.2.1/../../../../arm-none-eabi/lib/thumb/v6-m/nofp/libcr_c.a(_fflush.o)
 .comment       0x0000000000000079       0x7a /usr/local/mcuxpressoide-11.2.1_4149/ide/plugins/com.nxp.mcuxpresso.tools.linux_11.2.0.202001021529/tools/bin/../lib/gcc/arm-none-eabi/9.2.1/../../../../arm-none-eabi/lib/thumb/v6-m/nofp/libcr_c.a(_writebuf.o)
 .comment       0x0000000000000079       0x7a /usr/local/mcuxpressoide-11.2.1_4149/ide/plugins/com.nxp.mcuxpresso.tools.linux_11.2.0.202001021529/tools/bin/../lib/gcc/arm-none-eabi/9.2.1/../../../../arm-none-eabi/lib/thumb/v6-m/nofp/libcr_c.a(alloc.o)
 .comment       0x0000000000000079       0x7a /usr/local/mcuxpressoide-11.2.1_4149/ide/plugins/com.nxp.mcuxpresso.tools.linux_11.2.0.202001021529/tools/bin/../lib/gcc/arm-none-eabi/9.2.1/../../../../arm-none-eabi/lib/thumb/v6-m/nofp/libcr_c.a(fputs.o)
 .comment       0x0000000000000079       0x7a /usr/local/mcuxpressoide-11.2.1_4149/ide/plugins/com.nxp.mcuxpresso.tools.linux_11.2.0.202001021529/tools/bin/../lib/gcc/arm-none-eabi/9.2.1/../../../../arm-none-eabi/lib/thumb/v6-m/nofp/libcr_c.a(fseek.o)
 .comment       0x0000000000000079       0x7a /usr/local/mcuxpressoide-11.2.1_4149/ide/plugins/com.nxp.mcuxpresso.tools.linux_11.2.0.202001021529/tools/bin/../lib/gcc/arm-none-eabi/9.2.1/../../../../arm-none-eabi/lib/thumb/v6-m/nofp/libcr_c.a(ftell.o)
 .comment       0x0000000000000079       0x7a /usr/local/mcuxpressoide-11.2.1_4149/ide/plugins/com.nxp.mcuxpresso.tools.linux_11.2.0.202001021529/tools/bin/../lib/gcc/arm-none-eabi/9.2.1/../../../../arm-none-eabi/lib/thumb/v6-m/nofp/libcr_c.a(initio.o)
 .comment       0x0000000000000079       0x7a /usr/local/mcuxpressoide-11.2.1_4149/ide/plugins/com.nxp.mcuxpresso.tools.linux_11.2.0.202001021529/tools/bin/../lib/gcc/arm-none-eabi/9.2.1/../../../../arm-none-eabi/lib/thumb/v6-m/nofp/libcr_c.a(printf.o)
 .comment       0x0000000000000079       0x7a /usr/local/mcuxpressoide-11.2.1_4149/ide/plugins/com.nxp.mcuxpresso.tools.linux_11.2.0.202001021529/tools/bin/../lib/gcc/arm-none-eabi/9.2.1/../../../../arm-none-eabi/lib/thumb/v6-m/nofp/libcr_c.a(setvbuf.o)
 .comment       0x0000000000000079       0x7a /usr/local/mcuxpressoide-11.2.1_4149/ide/plugins/com.nxp.mcuxpresso.tools.linux_11.2.0.202001021529/tools/bin/../lib/gcc/arm-none-eabi/9.2.1/../../../../arm-none-eabi/lib/thumb/v6-m/nofp/libcr_c.a(strlen.o)
 .comment       0x0000000000000079       0x7a /usr/local/mcuxpressoide-11.2.1_4149/ide/plugins/com.nxp.mcuxpresso.tools.linux_11.2.0.202001021529/tools/bin/../lib/gcc/arm-none-eabi/9.2.1/../../../../arm-none-eabi/lib/thumb/v6-m/nofp/libcr_c.a(__init_alloc.o)
 .comment       0x0000000000000079       0x7a /usr/local/mcuxpressoide-11.2.1_4149/ide/plugins/com.nxp.mcuxpresso.tools.linux_11.2.0.202001021529/tools/bin/../lib/gcc/arm-none-eabi/9.2.1/../../../../arm-none-eabi/lib/thumb/v6-m/nofp/libcr_c.a(_cr_sbrk.o)
 .comment       0x0000000000000079       0x7a /usr/local/mcuxpressoide-11.2.1_4149/ide/plugins/com.nxp.mcuxpresso.tools.linux_11.2.0.202001021529/tools/bin/../lib/gcc/arm-none-eabi/9.2.1/../../../../arm-none-eabi/lib/thumb/v6-m/nofp/libcr_c.a(_fdopen.o)
 .comment       0x0000000000000079       0x7a /usr/local/mcuxpressoide-11.2.1_4149/ide/plugins/com.nxp.mcuxpresso.tools.linux_11.2.0.202001021529/tools/bin/../lib/gcc/arm-none-eabi/9.2.1/../../../../arm-none-eabi/lib/thumb/v6-m/nofp/libcr_c.a(errno.o)
 .comment       0x0000000000000079       0x7a /usr/local/mcuxpressoide-11.2.1_4149/ide/plugins/com.nxp.mcuxpresso.tools.linux_11.2.0.202001021529/tools/bin/../lib/gcc/arm-none-eabi/9.2.1/../../../../arm-none-eabi/lib/thumb/v6-m/nofp/libcr_c.a(fclose.o)
 .comment       0x0000000000000079       0x7a /usr/local/mcuxpressoide-11.2.1_4149/ide/plugins/com.nxp.mcuxpresso.tools.linux_11.2.0.202001021529/tools/bin/../lib/gcc/arm-none-eabi/9.2.1/../../../../arm-none-eabi/lib/thumb/v6-m/nofp/libcr_c.a(fflush.o)
 .comment       0x0000000000000079       0x7a /usr/local/mcuxpressoide-11.2.1_4149/ide/plugins/com.nxp.mcuxpresso.tools.linux_11.2.0.202001021529/tools/bin/../lib/gcc/arm-none-eabi/9.2.1/../../../../arm-none-eabi/lib/thumb/v6-m/nofp/libcr_c.a(remove.o)
 .comment       0x0000000000000079       0x7a /usr/local/mcuxpressoide-11.2.1_4149/ide/plugins/com.nxp.mcuxpresso.tools.linux_11.2.0.202001021529/tools/bin/../lib/gcc/arm-none-eabi/9.2.1/../../../../arm-none-eabi/lib/thumb/v6-m/nofp/libcr_c.a(_cr_check_heap.o)
 .comment       0x0000000000000079       0x7a /usr/local/mcuxpressoide-11.2.1_4149/ide/plugins/com.nxp.mcuxpresso.tools.linux_11.2.0.202001021529/tools/bin/../lib/gcc/arm-none-eabi/9.2.1/../../../../arm-none-eabi/lib/thumb/v6-m/nofp/libcr_c.a(_do_fflush.o)

.ARM.attributes
                0x0000000000000000       0x2a
 .ARM.attributes
                0x0000000000000000       0x2c ./startup/startup_lpc845.o
 .ARM.attributes
                0x000000000000002c       0x2c ./source/LPC845_Project3.o
 .ARM.attributes
                0x0000000000000058       0x2c ./source/digital.o
 .ARM.attributes
                0x0000000000000084       0x32 ./source/mtb.o
 .ARM.attributes
                0x00000000000000b6       0x2c ./source/semihost_hardfault.o
 .ARM.attributes
                0x00000000000000e2       0x2c ./drivers/fsl_clock.o
 .ARM.attributes
                0x000000000000010e       0x2c ./drivers/fsl_ctimer.o
 .ARM.attributes
                0x000000000000013a       0x2c ./drivers/fsl_gpio.o
 .ARM.attributes
                0x0000000000000166       0x2c ./drivers/fsl_pint.o
 .ARM.attributes
                0x0000000000000192       0x2c ./drivers/fsl_reset.o
 .ARM.attributes
                0x00000000000001be       0x2c ./drivers/fsl_spi.o
 .ARM.attributes
                0x00000000000001ea       0x2c ./drivers/fsl_swm.o
 .ARM.attributes
                0x0000000000000216       0x2c ./drivers/fsl_usart.o
 .ARM.attributes
                0x0000000000000242       0x2c ./device/system_LPC845.o
 .ARM.attributes
                0x000000000000026e       0x2c ./board/board.o
 .ARM.attributes
                0x000000000000029a       0x2c ./board/clock_config.o
 .ARM.attributes
                0x00000000000002c6       0x2c ./board/peripherals.o
 .ARM.attributes
                0x00000000000002f2       0x2c ./board/pin_mux.o
 .ARM.attributes
                0x000000000000031e       0x2c /usr/local/mcuxpressoide-11.2.1_4149/ide/plugins/com.nxp.mcuxpresso.tools.linux_11.2.0.202001021529/tools/bin/../lib/gcc/arm-none-eabi/9.2.1/../../../../arm-none-eabi/lib/thumb/v6-m/nofp/libcr_semihost_nf.a(_cr__main.o)
 .ARM.attributes
                0x000000000000034a       0x2c /usr/local/mcuxpressoide-11.2.1_4149/ide/plugins/com.nxp.mcuxpresso.tools.linux_11.2.0.202001021529/tools/bin/../lib/gcc/arm-none-eabi/9.2.1/../../../../arm-none-eabi/lib/thumb/v6-m/nofp/libcr_semihost_nf.a(_cr_assert.o)
 .ARM.attributes
                0x0000000000000376       0x31 /usr/local/mcuxpressoide-11.2.1_4149/ide/plugins/com.nxp.mcuxpresso.tools.linux_11.2.0.202001021529/tools/bin/../lib/gcc/arm-none-eabi/9.2.1/../../../../arm-none-eabi/lib/thumb/v6-m/nofp/libcr_semihost_nf.a(__ciob.o)
 .ARM.attributes
                0x00000000000003a7       0x1c /usr/local/mcuxpressoide-11.2.1_4149/ide/plugins/com.nxp.mcuxpresso.tools.linux_11.2.0.202001021529/tools/bin/../lib/gcc/arm-none-eabi/9.2.1/../../../../arm-none-eabi/lib/thumb/v6-m/nofp/libcr_semihost_nf.a(__sys_appexit.o)
 .ARM.attributes
                0x00000000000003c3       0x2c /usr/local/mcuxpressoide-11.2.1_4149/ide/plugins/com.nxp.mcuxpresso.tools.linux_11.2.0.202001021529/tools/bin/../lib/gcc/arm-none-eabi/9.2.1/../../../../arm-none-eabi/lib/thumb/v6-m/nofp/libcr_c.a(memset.o)
 .ARM.attributes
                0x00000000000003ef       0x2c /usr/local/mcuxpressoide-11.2.1_4149/ide/plugins/com.nxp.mcuxpresso.tools.linux_11.2.0.202001021529/tools/bin/../lib/gcc/arm-none-eabi/9.2.1/../../../../arm-none-eabi/lib/thumb/v6-m/nofp/libcr_c.a(_deferredlazyseek.o)
 .ARM.attributes
                0x000000000000041b       0x2c /usr/local/mcuxpressoide-11.2.1_4149/ide/plugins/com.nxp.mcuxpresso.tools.linux_11.2.0.202001021529/tools/bin/../lib/gcc/arm-none-eabi/9.2.1/../../../../arm-none-eabi/lib/thumb/v6-m/nofp/libcr_c.a(_fflush.o)
 .ARM.attributes
                0x0000000000000447       0x2c /usr/local/mcuxpressoide-11.2.1_4149/ide/plugins/com.nxp.mcuxpresso.tools.linux_11.2.0.202001021529/tools/bin/../lib/gcc/arm-none-eabi/9.2.1/../../../../arm-none-eabi/lib/thumb/v6-m/nofp/libcr_c.a(_writebuf.o)
 .ARM.attributes
                0x0000000000000473       0x2c /usr/local/mcuxpressoide-11.2.1_4149/ide/plugins/com.nxp.mcuxpresso.tools.linux_11.2.0.202001021529/tools/bin/../lib/gcc/arm-none-eabi/9.2.1/../../../../arm-none-eabi/lib/thumb/v6-m/nofp/libcr_c.a(alloc.o)
 .ARM.attributes
                0x000000000000049f       0x2c /usr/local/mcuxpressoide-11.2.1_4149/ide/plugins/com.nxp.mcuxpresso.tools.linux_11.2.0.202001021529/tools/bin/../lib/gcc/arm-none-eabi/9.2.1/../../../../arm-none-eabi/lib/thumb/v6-m/nofp/libcr_c.a(fputs.o)
 .ARM.attributes
                0x00000000000004cb       0x2c /usr/local/mcuxpressoide-11.2.1_4149/ide/plugins/com.nxp.mcuxpresso.tools.linux_11.2.0.202001021529/tools/bin/../lib/gcc/arm-none-eabi/9.2.1/../../../../arm-none-eabi/lib/thumb/v6-m/nofp/libcr_c.a(fseek.o)
 .ARM.attributes
                0x00000000000004f7       0x2c /usr/local/mcuxpressoide-11.2.1_4149/ide/plugins/com.nxp.mcuxpresso.tools.linux_11.2.0.202001021529/tools/bin/../lib/gcc/arm-none-eabi/9.2.1/../../../../arm-none-eabi/lib/thumb/v6-m/nofp/libcr_c.a(ftell.o)
 .ARM.attributes
                0x0000000000000523       0x2c /usr/local/mcuxpressoide-11.2.1_4149/ide/plugins/com.nxp.mcuxpresso.tools.linux_11.2.0.202001021529/tools/bin/../lib/gcc/arm-none-eabi/9.2.1/../../../../arm-none-eabi/lib/thumb/v6-m/nofp/libcr_c.a(initio.o)
 .ARM.attributes
                0x000000000000054f       0x2c /usr/local/mcuxpressoide-11.2.1_4149/ide/plugins/com.nxp.mcuxpresso.tools.linux_11.2.0.202001021529/tools/bin/../lib/gcc/arm-none-eabi/9.2.1/../../../../arm-none-eabi/lib/thumb/v6-m/nofp/libcr_c.a(printf.o)
 .ARM.attributes
                0x000000000000057b       0x2c /usr/local/mcuxpressoide-11.2.1_4149/ide/plugins/com.nxp.mcuxpresso.tools.linux_11.2.0.202001021529/tools/bin/../lib/gcc/arm-none-eabi/9.2.1/../../../../arm-none-eabi/lib/thumb/v6-m/nofp/libcr_c.a(setvbuf.o)
 .ARM.attributes
                0x00000000000005a7       0x2c /usr/local/mcuxpressoide-11.2.1_4149/ide/plugins/com.nxp.mcuxpresso.tools.linux_11.2.0.202001021529/tools/bin/../lib/gcc/arm-none-eabi/9.2.1/../../../../arm-none-eabi/lib/thumb/v6-m/nofp/libcr_c.a(strlen.o)
 .ARM.attributes
                0x00000000000005d3       0x2c /usr/local/mcuxpressoide-11.2.1_4149/ide/plugins/com.nxp.mcuxpresso.tools.linux_11.2.0.202001021529/tools/bin/../lib/gcc/arm-none-eabi/9.2.1/../../../../arm-none-eabi/lib/thumb/v6-m/nofp/libcr_c.a(__init_alloc.o)
 .ARM.attributes
                0x00000000000005ff       0x2c /usr/local/mcuxpressoide-11.2.1_4149/ide/plugins/com.nxp.mcuxpresso.tools.linux_11.2.0.202001021529/tools/bin/../lib/gcc/arm-none-eabi/9.2.1/../../../../arm-none-eabi/lib/thumb/v6-m/nofp/libcr_c.a(_cr_sbrk.o)
 .ARM.attributes
                0x000000000000062b       0x2c /usr/local/mcuxpressoide-11.2.1_4149/ide/plugins/com.nxp.mcuxpresso.tools.linux_11.2.0.202001021529/tools/bin/../lib/gcc/arm-none-eabi/9.2.1/../../../../arm-none-eabi/lib/thumb/v6-m/nofp/libcr_c.a(_fdopen.o)
 .ARM.attributes
                0x0000000000000657       0x31 /usr/local/mcuxpressoide-11.2.1_4149/ide/plugins/com.nxp.mcuxpresso.tools.linux_11.2.0.202001021529/tools/bin/../lib/gcc/arm-none-eabi/9.2.1/../../../../arm-none-eabi/lib/thumb/v6-m/nofp/libcr_c.a(errno.o)
 .ARM.attributes
                0x0000000000000688       0x2c /usr/local/mcuxpressoide-11.2.1_4149/ide/plugins/com.nxp.mcuxpresso.tools.linux_11.2.0.202001021529/tools/bin/../lib/gcc/arm-none-eabi/9.2.1/../../../../arm-none-eabi/lib/thumb/v6-m/nofp/libcr_c.a(fclose.o)
 .ARM.attributes
                0x00000000000006b4       0x2c /usr/local/mcuxpressoide-11.2.1_4149/ide/plugins/com.nxp.mcuxpresso.tools.linux_11.2.0.202001021529/tools/bin/../lib/gcc/arm-none-eabi/9.2.1/../../../../arm-none-eabi/lib/thumb/v6-m/nofp/libcr_c.a(fflush.o)
 .ARM.attributes
                0x00000000000006e0       0x2c /usr/local/mcuxpressoide-11.2.1_4149/ide/plugins/com.nxp.mcuxpresso.tools.linux_11.2.0.202001021529/tools/bin/../lib/gcc/arm-none-eabi/9.2.1/../../../../arm-none-eabi/lib/thumb/v6-m/nofp/libcr_c.a(remove.o)
 .ARM.attributes
                0x000000000000070c       0x2c /usr/local/mcuxpressoide-11.2.1_4149/ide/plugins/com.nxp.mcuxpresso.tools.linux_11.2.0.202001021529/tools/bin/../lib/gcc/arm-none-eabi/9.2.1/../../../../arm-none-eabi/lib/thumb/v6-m/nofp/libcr_c.a(_cr_check_heap.o)
 .ARM.attributes
                0x0000000000000738       0x2c /usr/local/mcuxpressoide-11.2.1_4149/ide/plugins/com.nxp.mcuxpresso.tools.linux_11.2.0.202001021529/tools/bin/../lib/gcc/arm-none-eabi/9.2.1/../../../../arm-none-eabi/lib/thumb/v6-m/nofp/libcr_c.a(_do_fflush.o)
 .ARM.attributes
                0x0000000000000764       0x1c /usr/local/mcuxpressoide-11.2.1_4149/ide/plugins/com.nxp.mcuxpresso.tools.linux_11.2.0.202001021529/tools/bin/../lib/gcc/arm-none-eabi/9.2.1/thumb/v6-m/nofp/libcr_eabihelpers.a(division_32.o)
 .ARM.attributes
                0x0000000000000780       0x1c /usr/local/mcuxpressoide-11.2.1_4149/ide/plugins/com.nxp.mcuxpresso.tools.linux_11.2.0.202001021529/tools/bin/../lib/gcc/arm-none-eabi/9.2.1/thumb/v6-m/nofp/libcr_eabihelpers.a(division_idiv0.o)
 .ARM.attributes
                0x000000000000079c       0x1c /usr/local/mcuxpressoide-11.2.1_4149/ide/plugins/com.nxp.mcuxpresso.tools.linux_11.2.0.202001021529/tools/bin/../lib/gcc/arm-none-eabi/9.2.1/thumb/v6-m/nofp/libcr_eabihelpers.a(llong.o)
 .ARM.attributes
                0x00000000000007b8       0x1c /usr/local/mcuxpressoide-11.2.1_4149/ide/plugins/com.nxp.mcuxpresso.tools.linux_11.2.0.202001021529/tools/bin/../lib/gcc/arm-none-eabi/9.2.1/thumb/v6-m/nofp/libcr_eabihelpers.a(memcpy.o)
 .ARM.attributes
                0x00000000000007d4       0x1c /usr/local/mcuxpressoide-11.2.1_4149/ide/plugins/com.nxp.mcuxpresso.tools.linux_11.2.0.202001021529/tools/bin/../lib/gcc/arm-none-eabi/9.2.1/thumb/v6-m/nofp/libcr_eabihelpers.a(thumb1_switch_helpers.o)
 .ARM.attributes
                0x00000000000007f0       0x1c /usr/local/mcuxpressoide-11.2.1_4149/ide/plugins/com.nxp.mcuxpresso.tools.linux_11.2.0.202001021529/tools/bin/../lib/gcc/arm-none-eabi/9.2.1/../../../../arm-none-eabi/lib/thumb/v6-m/nofp/libcr_semihost_nf.a(__sys_close.o)
 .ARM.attributes
                0x000000000000080c       0x1c /usr/local/mcuxpressoide-11.2.1_4149/ide/plugins/com.nxp.mcuxpresso.tools.linux_11.2.0.202001021529/tools/bin/../lib/gcc/arm-none-eabi/9.2.1/../../../../arm-none-eabi/lib/thumb/v6-m/nofp/libcr_semihost_nf.a(__sys_flen.o)
 .ARM.attributes
                0x0000000000000828       0x1c /usr/local/mcuxpressoide-11.2.1_4149/ide/plugins/com.nxp.mcuxpresso.tools.linux_11.2.0.202001021529/tools/bin/../lib/gcc/arm-none-eabi/9.2.1/../../../../arm-none-eabi/lib/thumb/v6-m/nofp/libcr_semihost_nf.a(__sys_istty.o)
 .ARM.attributes
                0x0000000000000844       0x1c /usr/local/mcuxpressoide-11.2.1_4149/ide/plugins/com.nxp.mcuxpresso.tools.linux_11.2.0.202001021529/tools/bin/../lib/gcc/arm-none-eabi/9.2.1/../../../../arm-none-eabi/lib/thumb/v6-m/nofp/libcr_semihost_nf.a(__sys_remove.o)
 .ARM.attributes
                0x0000000000000860       0x1c /usr/local/mcuxpressoide-11.2.1_4149/ide/plugins/com.nxp.mcuxpresso.tools.linux_11.2.0.202001021529/tools/bin/../lib/gcc/arm-none-eabi/9.2.1/../../../../arm-none-eabi/lib/thumb/v6-m/nofp/libcr_semihost_nf.a(__sys_seek.o)
 .ARM.attributes
                0x000000000000087c       0x1c /usr/local/mcuxpressoide-11.2.1_4149/ide/plugins/com.nxp.mcuxpresso.tools.linux_11.2.0.202001021529/tools/bin/../lib/gcc/arm-none-eabi/9.2.1/../../../../arm-none-eabi/lib/thumb/v6-m/nofp/libcr_semihost_nf.a(__sys_tmpnam.o)
 .ARM.attributes
                0x0000000000000898       0x1c /usr/local/mcuxpressoide-11.2.1_4149/ide/plugins/com.nxp.mcuxpresso.tools.linux_11.2.0.202001021529/tools/bin/../lib/gcc/arm-none-eabi/9.2.1/../../../../arm-none-eabi/lib/thumb/v6-m/nofp/libcr_semihost_nf.a(__sys_write.o)

.debug_frame    0x0000000000000000     0x1bb4
 .debug_frame   0x0000000000000000      0x3b0 ./startup/startup_lpc845.o
 .debug_frame   0x00000000000003b0       0xcc ./source/LPC845_Project3.o
 .debug_frame   0x000000000000047c       0x30 ./source/digital.o
 .debug_frame   0x00000000000004ac       0x20 ./source/semihost_hardfault.o
 .debug_frame   0x00000000000004cc      0x3ac ./drivers/fsl_clock.o
 .debug_frame   0x0000000000000878      0x28c ./drivers/fsl_ctimer.o
 .debug_frame   0x0000000000000b04       0x70 ./drivers/fsl_gpio.o
 .debug_frame   0x0000000000000b74      0x3d0 ./drivers/fsl_pint.o
 .debug_frame   0x0000000000000f44       0x70 ./drivers/fsl_reset.o
 .debug_frame   0x0000000000000fb4      0x488 ./drivers/fsl_spi.o
 .debug_frame   0x000000000000143c       0x50 ./drivers/fsl_swm.o
 .debug_frame   0x000000000000148c      0x43c ./drivers/fsl_usart.o
 .debug_frame   0x00000000000018c8       0x68 ./device/system_LPC845.o
 .debug_frame   0x0000000000001930       0x2c ./board/board.o
 .debug_frame   0x000000000000195c      0x120 ./board/clock_config.o
 .debug_frame   0x0000000000001a7c       0x2c ./board/peripherals.o
 .debug_frame   0x0000000000001aa8      0x10c ./board/pin_mux.o

Cross Reference Table

Symbol                                            File
ADC0_OVR_DriverIRQHandler                         ./startup/startup_lpc845.o
ADC0_OVR_IRQHandler                               ./startup/startup_lpc845.o
ADC0_SEQA_DriverIRQHandler                        ./startup/startup_lpc845.o
ADC0_SEQA_IRQHandler                              ./startup/startup_lpc845.o
ADC0_SEQB_DriverIRQHandler                        ./startup/startup_lpc845.o
ADC0_SEQB_IRQHandler                              ./startup/startup_lpc845.o
ADC0_THCMP_DriverIRQHandler                       ./startup/startup_lpc845.o
ADC0_THCMP_IRQHandler                             ./startup/startup_lpc845.o
BOARD_BootClockFRO18M                             ./board/clock_config.o
BOARD_BootClockFRO24M                             ./board/clock_config.o
BOARD_BootClockFRO30M                             ./board/clock_config.o
BOARD_BootClockPll24M                             ./board/clock_config.o
BOARD_InitBUTTONsPins                             ./board/pin_mux.o
BOARD_InitBootClocks                              ./board/clock_config.o
                                                  ./source/LPC845_Project3.o
BOARD_InitBootPeripherals                         ./board/peripherals.o
                                                  ./source/LPC845_Project3.o
BOARD_InitBootPins                                ./board/pin_mux.o
                                                  ./source/LPC845_Project3.o
BOARD_InitDEBUG_UARTPins                          ./board/pin_mux.o
BOARD_InitDebugConsole                            ./board/board.o
                                                  ./source/LPC845_Project3.o
BOARD_InitLEDsPins                                ./board/pin_mux.o
BOARD_InitSWD_DEBUGPins                           ./board/pin_mux.o
BOD_DriverIRQHandler                              ./startup/startup_lpc845.o
BOD_IRQHandler                                    ./startup/startup_lpc845.o
BUTTON_Deinit                                     ./component/button/button.o
BUTTON_EnterLowpower                              ./component/button/button.o
BUTTON_ExitLowpower                               ./component/button/button.o
BUTTON_Init                                       ./component/button/button.o
BUTTON_InstallCallback                            ./component/button/button.o
BUTTON_WakeUpSetting                              ./component/button/button.o
CLOCK_GetClockOutClkFreq                          ./drivers/fsl_clock.o
CLOCK_GetFRG0ClkFreq                              ./drivers/fsl_clock.o
CLOCK_GetFRG1ClkFreq                              ./drivers/fsl_clock.o
CLOCK_GetFreq                                     ./drivers/fsl_clock.o
CLOCK_GetFroFreq                                  ./drivers/fsl_clock.o
CLOCK_GetMainClkFreq                              ./drivers/fsl_clock.o
CLOCK_GetSystemPLLInClockRate                     ./drivers/fsl_clock.o
CLOCK_GetUart0ClkFreq                             ./drivers/fsl_clock.o
CLOCK_GetUart1ClkFreq                             ./drivers/fsl_clock.o
CLOCK_GetUart2ClkFreq                             ./drivers/fsl_clock.o
CLOCK_GetUart3ClkFreq                             ./drivers/fsl_clock.o
CLOCK_GetUart4ClkFreq                             ./drivers/fsl_clock.o
CLOCK_InitExtClkin                                ./drivers/fsl_clock.o
CLOCK_InitSysOsc                                  ./drivers/fsl_clock.o
CLOCK_InitSystemPll                               ./drivers/fsl_clock.o
                                                  ./board/clock_config.o
CLOCK_InitWdtOsc                                  ./drivers/fsl_clock.o
CLOCK_InitXtalin                                  ./drivers/fsl_clock.o
CLOCK_SetFRG0ClkFreq                              ./drivers/fsl_clock.o
CLOCK_SetFRG1ClkFreq                              ./drivers/fsl_clock.o
CLOCK_SetFroOutClkSrc                             ./drivers/fsl_clock.o
                                                  ./board/clock_config.o
CLOCK_SetMainClkSrc                               ./drivers/fsl_clock.o
                                                  ./board/clock_config.o
CMP_CAPT_DriverIRQHandler                         ./startup/startup_lpc845.o
CMP_CAPT_IRQHandler                               ./startup/startup_lpc845.o
CRP_WORD                                          ./startup/startup_lpc845.o
CTIMER0_DriverIRQHandler                          ./drivers/fsl_ctimer.o
                                                  ./startup/startup_lpc845.o
CTIMER0_IRQHandler                                ./startup/startup_lpc845.o
CTIMER_Deinit                                     ./drivers/fsl_ctimer.o
                                                  ./component/timer/ctimer_adapter.o
CTIMER_GenericIRQHandler                          ./drivers/fsl_ctimer.o
CTIMER_GetDefaultConfig                           ./drivers/fsl_ctimer.o
                                                  ./component/timer/ctimer_adapter.o
CTIMER_Init                                       ./drivers/fsl_ctimer.o
                                                  ./component/timer/ctimer_adapter.o
CTIMER_RegisterCallBack                           ./drivers/fsl_ctimer.o
                                                  ./component/timer/ctimer_adapter.o
CTIMER_SetupCapture                               ./drivers/fsl_ctimer.o
CTIMER_SetupMatch                                 ./drivers/fsl_ctimer.o
                                                  ./component/timer/ctimer_adapter.o
CTIMER_SetupPwm                                   ./drivers/fsl_ctimer.o
CTIMER_SetupPwmPeriod                             ./drivers/fsl_ctimer.o
CTIMER_UpdatePwmDutycycle                         ./drivers/fsl_ctimer.o
DAC0_DriverIRQHandler                             ./startup/startup_lpc845.o
DAC0_IRQHandler                                   ./startup/startup_lpc845.o
DMA0_DriverIRQHandler                             ./startup/startup_lpc845.o
DMA0_IRQHandler                                   ./startup/startup_lpc845.o
DbgConsole_Deinit                                 ./utilities/fsl_debug_console.o
DbgConsole_Init                                   ./utilities/fsl_debug_console.o
DisableDeepSleepIRQ                               ./drivers/fsl_power.o
EnableDeepSleepIRQ                                ./drivers/fsl_power.o
ExtClockIn                                        ./board/board.o
FLASH_DriverIRQHandler                            ./startup/startup_lpc845.o
FLASH_IRQHandler                                  ./startup/startup_lpc845.o
GPIO_PinInit                                      ./drivers/fsl_gpio.o
                                                  ./component/gpio/lpc_gpio_adapter.o
                                                  ./source/digital.o
                                                  ./source/LPC845_Project3.o
GPIO_PortInit                                     ./drivers/fsl_gpio.o
                                                  ./component/gpio/lpc_gpio_adapter.o
                                                  ./source/digital.o
                                                  ./source/LPC845_Project3.o
HAL_GpioDeinit                                    ./component/gpio/lpc_gpio_adapter.o
                                                  ./component/button/button.o
                                                  ./component/led/led.o
HAL_GpioEnterLowpower                             ./component/gpio/lpc_gpio_adapter.o
                                                  ./component/button/button.o
HAL_GpioExitLowpower                              ./component/gpio/lpc_gpio_adapter.o
                                                  ./component/button/button.o
HAL_GpioGetInput                                  ./component/gpio/lpc_gpio_adapter.o
                                                  ./component/button/button.o
HAL_GpioGetTriggerMode                            ./component/gpio/lpc_gpio_adapter.o
HAL_GpioInit                                      ./component/gpio/lpc_gpio_adapter.o
                                                  ./component/button/button.o
                                                  ./component/led/led.o
HAL_GpioInstallCallback                           ./component/gpio/lpc_gpio_adapter.o
                                                  ./component/button/button.o
HAL_GpioSetOutput                                 ./component/gpio/lpc_gpio_adapter.o
                                                  ./component/led/led.o
HAL_GpioSetTriggerMode                            ./component/gpio/lpc_gpio_adapter.o
                                                  ./component/button/button.o
HAL_GpioWakeUpSetting                             ./component/gpio/lpc_gpio_adapter.o
                                                  ./component/button/button.o
HAL_TimerDeinit                                   ./component/timer/ctimer_adapter.o
                                                  ./component/timer_manager/timer_manager.o
HAL_TimerDisable                                  ./component/timer/ctimer_adapter.o
                                                  ./component/timer_manager/timer_manager.o
HAL_TimerEnable                                   ./component/timer/ctimer_adapter.o
                                                  ./component/timer_manager/timer_manager.o
HAL_TimerEnterLowpower                            ./component/timer/ctimer_adapter.o
                                                  ./component/timer_manager/timer_manager.o
HAL_TimerExitLowpower                             ./component/timer/ctimer_adapter.o
                                                  ./component/timer_manager/timer_manager.o
HAL_TimerGetCurrentTimerCount                     ./component/timer/ctimer_adapter.o
                                                  ./component/timer_manager/timer_manager.o
HAL_TimerGetMaxTimeout                            ./component/timer/ctimer_adapter.o
                                                  ./component/timer_manager/timer_manager.o
HAL_TimerInit                                     ./component/timer/ctimer_adapter.o
                                                  ./component/timer_manager/timer_manager.o
HAL_TimerInstallCallback                          ./component/timer/ctimer_adapter.o
                                                  ./component/timer_manager/timer_manager.o
HAL_TimerUpdateTimeout                            ./component/timer/ctimer_adapter.o
                                                  ./component/timer_manager/timer_manager.o
HAL_UartDeinit                                    ./component/uart/miniusart_adapter.o
                                                  ./utilities/fsl_debug_console.o
HAL_UartEnterLowpower                             ./component/uart/miniusart_adapter.o
HAL_UartExitLowpower                              ./component/uart/miniusart_adapter.o
HAL_UartInit                                      ./component/uart/miniusart_adapter.o
                                                  ./utilities/fsl_debug_console.o
HAL_UartReceiveBlocking                           ./component/uart/miniusart_adapter.o
                                                  ./utilities/fsl_debug_console.o
HAL_UartSendBlocking                              ./component/uart/miniusart_adapter.o
                                                  ./utilities/fsl_debug_console.o
HardFault_Handler                                 ./source/semihost_hardfault.o
                                                  ./startup/startup_lpc845.o
I2C0_DriverIRQHandler                             ./startup/startup_lpc845.o
I2C0_IRQHandler                                   ./startup/startup_lpc845.o
I2C1_DriverIRQHandler                             ./startup/startup_lpc845.o
I2C1_IRQHandler                                   ./startup/startup_lpc845.o
I2C2_DriverIRQHandler                             ./startup/startup_lpc845.o
I2C2_IRQHandler                                   ./startup/startup_lpc845.o
I2C3_DriverIRQHandler                             ./startup/startup_lpc845.o
I2C3_IRQHandler                                   ./startup/startup_lpc845.o
INPUTMUX_AttachSignal                             ./drivers/fsl_inputmux.o
INPUTMUX_Deinit                                   ./drivers/fsl_inputmux.o
INPUTMUX_Init                                     ./drivers/fsl_inputmux.o
IntDefaultHandler                                 ./startup/startup_lpc845.o
LED_Blip                                          ./component/led/led.o
LED_Deinit                                        ./component/led/led.o
LED_Dimming                                       ./component/led/led.o
LED_EnterLowpower                                 ./component/led/led.o
LED_ExitLowpower                                  ./component/led/led.o
LED_Flash                                         ./component/led/led.o
LED_Init                                          ./component/led/led.o
LED_SetColor                                      ./component/led/led.o
LED_TurnOnOff                                     ./component/led/led.o
LIST_AddHead                                      ./component/lists/generic_list.o
LIST_AddPrevElement                               ./component/lists/generic_list.o
LIST_AddTail                                      ./component/lists/generic_list.o
                                                  ./component/timer_manager/timer_manager.o
LIST_GetAvailableSize                             ./component/lists/generic_list.o
LIST_GetHead                                      ./component/lists/generic_list.o
                                                  ./component/timer_manager/timer_manager.o
LIST_GetList                                      ./component/lists/generic_list.o
LIST_GetNext                                      ./component/lists/generic_list.o
                                                  ./component/timer_manager/timer_manager.o
LIST_GetPrev                                      ./component/lists/generic_list.o
LIST_GetSize                                      ./component/lists/generic_list.o
LIST_Init                                         ./component/lists/generic_list.o
                                                  ./component/timer_manager/timer_manager.o
LIST_RemoveElement                                ./component/lists/generic_list.o
                                                  ./component/timer_manager/timer_manager.o
LIST_RemoveHead                                   ./component/lists/generic_list.o
MRT0_DriverIRQHandler                             ./startup/startup_lpc845.o
MRT0_IRQHandler                                   ./startup/startup_lpc845.o
NMI_Handler                                       ./startup/startup_lpc845.o
PINT_Deinit                                       ./drivers/fsl_pint.o
                                                  ./component/gpio/lpc_gpio_adapter.o
PINT_DisableCallback                              ./drivers/fsl_pint.o
PINT_DisableCallbackByIndex                       ./drivers/fsl_pint.o
                                                  ./component/gpio/lpc_gpio_adapter.o
PINT_EnableCallback                               ./drivers/fsl_pint.o
PINT_EnableCallbackByIndex                        ./drivers/fsl_pint.o
                                                  ./component/gpio/lpc_gpio_adapter.o
PINT_Init                                         ./drivers/fsl_pint.o
                                                  ./component/gpio/lpc_gpio_adapter.o
PINT_PatternMatchConfig                           ./drivers/fsl_pint.o
PINT_PatternMatchGetConfig                        ./drivers/fsl_pint.o
PINT_PatternMatchResetDetectLogic                 ./drivers/fsl_pint.o
PINT_PinInterruptClrStatus                        ./drivers/fsl_pint.o
PINT_PinInterruptClrStatusAll                     ./drivers/fsl_pint.o
PINT_PinInterruptConfig                           ./drivers/fsl_pint.o
                                                  ./component/gpio/lpc_gpio_adapter.o
PINT_PinInterruptGetConfig                        ./drivers/fsl_pint.o
PIN_INT0_DriverIRQHandler                         ./drivers/fsl_pint.o
                                                  ./startup/startup_lpc845.o
PIN_INT0_IRQHandler                               ./startup/startup_lpc845.o
PIN_INT1_DriverIRQHandler                         ./drivers/fsl_pint.o
                                                  ./startup/startup_lpc845.o
PIN_INT1_IRQHandler                               ./startup/startup_lpc845.o
PIN_INT2_DriverIRQHandler                         ./drivers/fsl_pint.o
                                                  ./startup/startup_lpc845.o
PIN_INT2_IRQHandler                               ./startup/startup_lpc845.o
PIN_INT3_DriverIRQHandler                         ./drivers/fsl_pint.o
                                                  ./startup/startup_lpc845.o
PIN_INT3_IRQHandler                               ./startup/startup_lpc845.o
PIN_INT4_DriverIRQHandler                         ./drivers/fsl_pint.o
                                                  ./startup/startup_lpc845.o
PIN_INT4_IRQHandler                               ./startup/startup_lpc845.o
PIN_INT5_DAC1_DriverIRQHandler                    ./startup/startup_lpc845.o
PIN_INT5_DAC1_IRQHandler                          ./drivers/fsl_pint.o
                                                  ./startup/startup_lpc845.o
PIN_INT6_USART3_DriverIRQHandler                  ./drivers/fsl_usart.o
                                                  ./startup/startup_lpc845.o
PIN_INT6_USART3_IRQHandler                        ./drivers/fsl_pint.o
                                                  ./startup/startup_lpc845.o
PIN_INT7_USART4_DriverIRQHandler                  ./drivers/fsl_usart.o
                                                  ./startup/startup_lpc845.o
PIN_INT7_USART4_IRQHandler                        ./drivers/fsl_pint.o
                                                  ./startup/startup_lpc845.o
POWER_EnterDeepPowerDownMode                      ./drivers/fsl_power.o