core_cm0plus.h:850:22:__NVIC_SetPriority	24	static
fsl_common.h:552:28:DisableGlobalIRQ	16	static
fsl_common.h:583:24:EnableGlobalIRQ	24	static
fsl_gpio.h:153:20:GPIO_PinWrite	24	static
fsl_gpio.h:172:24:GPIO_PinRead	24	static
lpc_gpio_adapter.c:87:13:HAL_GpioInterruptCallback	16	static
lpc_gpio_adapter.c:96:13:HAL_GpioInterruptHandle	24	static
lpc_gpio_adapter.c:113:26:HAL_GpioConflictSearch	16	static
lpc_gpio_adapter.c:126:26:HAL_GpioAddItem	24	static
lpc_gpio_adapter.c:156:26:HAL_GpioRemoveItem	32	static
lpc_gpio_adapter.c:187:19:HAL_GpioInit	40	static
lpc_gpio_adapter.c:238:19:HAL_GpioDeinit	32	static
lpc_gpio_adapter.c:287:19:HAL_GpioGetInput	24	static
lpc_gpio_adapter.c:299:19:HAL_GpioSetOutput	24	static
lpc_gpio_adapter.c:311:19:HAL_GpioInstallCallback	32	static
lpc_gpio_adapter.c:327:19:HAL_GpioGetTriggerMode	24	static
lpc_gpio_adapter.c:344:19:HAL_GpioSetTriggerMode	40	static
lpc_gpio_adapter.c:435:19:HAL_GpioWakeUpSetting	16	static
lpc_gpio_adapter.c:470:19:HAL_GpioEnterLowpower	16	static
lpc_gpio_adapter.c:477:19:HAL_GpioExitLowpower	16	static
