core_cm0plus.h:741:22:__NVIC_EnableIRQ	16	static
fsl_clock.h:441:20:CLOCK_EnableClock	16	static
fsl_clock.h:452:20:CLOCK_DisableClock	16	static
fsl_common.h:484:28:EnableIRQ	16	static
fsl_spi.h:370:20:SPI_Enable	16	static
fsl_spi.h:395:24:SPI_GetStatusFlags	16	static
fsl_spi.h:427:20:SPI_EnableInterrupts	16	static
fsl_spi.h:441:20:SPI_DisableInterrupts	16	static
fsl_spi.h:459:20:SPI_IsMaster	16	static
fsl_spi.h:478:20:SPI_WriteData	16	static
fsl_spi.h:489:20:SPI_WriteConfigFlags	16	static
fsl_spi.h:509:24:SPI_ReadData	16	static
fsl_spi.c:68:13:SPI_SendTransfer	24	static
fsl_spi.c:114:13:SPI_ReceiveTransfer	24	static
fsl_spi.c:143:10:SPI_GetInstance	24	static
fsl_spi.c:168:6:SPI_SetDummyData	24	static
fsl_spi.c:181:6:SPI_SetTransferDelay	16	static
fsl_spi.c:204:6:SPI_MasterGetDefaultConfig	16	static
fsl_spi.c:244:10:SPI_MasterInit	40	static
fsl_spi.c:306:6:SPI_SlaveGetDefaultConfig	16	static
fsl_spi.c:341:10:SPI_SlaveInit	24	static
fsl_spi.c:387:6:SPI_Deinit	24	static
fsl_spi.c:408:10:SPI_MasterSetBaudRate	32	static
fsl_spi.c:432:6:SPI_WriteDataWithConfigFlags	32	static
fsl_spi.c:454:10:SPI_MasterTransferBlocking	40	static
fsl_spi.c:612:10:SPI_MasterTransferCreateHandle	32	static
fsl_spi.c:646:10:SPI_SlaveTransferCreateHandle	24	static
fsl_spi.c:666:10:SPI_MasterTransferNonBlocking	32	static
fsl_spi.c:767:10:SPI_SlaveTransferNonBlocking	32	static
fsl_spi.c:787:10:SPI_MasterTransferGetCount	24	static
fsl_spi.c:815:6:SPI_MasterTransferAbort	16	static
fsl_spi.c:832:6:SPI_MasterTransferHandleIRQ	24	static
fsl_spi.c:875:6:SPI_SlaveTransferHandleIRQ	24	static
fsl_spi.c:914:13:SPI_CommonIRQHandler	16	static
fsl_spi.c:927:6:SPI0_DriverIRQHandler	8	static
fsl_spi.c:935:6:SPI1_DriverIRQHandler	8	static
