core_cm0plus.h:741:22:__NVIC_EnableIRQ	16	static
core_cm0plus.h:779:22:__NVIC_DisableIRQ	16	static
core_cm0plus.h:832:22:__NVIC_ClearPendingIRQ	16	static
fsl_clock.h:441:20:CLOCK_EnableClock	16	static
fsl_clock.h:452:20:CLOCK_DisableClock	16	static
fsl_common.h:484:28:EnableIRQ	16	static
fsl_common.h:522:28:DisableIRQ	16	static
fsl_pint.h:284:20:PINT_PinInterruptClrFallFlag	16	static
fsl_pint.h:343:20:PINT_PinInterruptClrRiseFlag	16	static
fsl_pint.c:48:6:PINT_Init	32	static
fsl_pint.c:165:6:PINT_PinInterruptConfig	32	static
fsl_pint.c:222:6:PINT_PinInterruptGetConfig	32	static
fsl_pint.c:300:6:PINT_PatternMatchConfig	48	static
fsl_pint.c:365:6:PINT_PatternMatchGetConfig	40	static
fsl_pint.c:417:10:PINT_PatternMatchResetDetectLogic	32	static
fsl_pint.c:444:6:PINT_PinInterruptClrStatus	24	static
fsl_pint.c:465:6:PINT_PinInterruptClrStatusAll	40	static
fsl_pint.c:509:6:PINT_EnableCallback	24	static
fsl_pint.c:547:6:PINT_EnableCallbackByIndex	16	static
fsl_pint.c:576:6:PINT_DisableCallback	24	static
fsl_pint.c:614:6:PINT_DisableCallbackByIndex	16	static
fsl_pint.c:643:6:PINT_Deinit	24	static
fsl_pint.c:782:6:PIN_INT0_DriverIRQHandler	16	static
fsl_pint.c:802:6:PIN_INT1_DriverIRQHandler	16	static
fsl_pint.c:823:6:PIN_INT2_DriverIRQHandler	16	static
fsl_pint.c:844:6:PIN_INT3_DriverIRQHandler	16	static
fsl_pint.c:865:6:PIN_INT4_DriverIRQHandler	16	static
fsl_pint.c:887:6:PIN_INT5_DAC1_IRQHandler	16	static
fsl_pint.c:912:6:PIN_INT6_USART3_IRQHandler	16	static
fsl_pint.c:937:6:PIN_INT7_USART4_IRQHandler	16	static
